2026-09-08 15:20:59 [sweeper.paper] INFO: ========================================================================
2026-09-08 15:20:59 [sweeper.paper] INFO:   SWEEPER BOT V2 - ADVANCED PAPER TRADING ENGINE
2026-09-08 15:20:59 [sweeper.paper] INFO: ========================================================================
2026-09-08 15:20:59 [sweeper.paper] INFO:   Mode:            PAPER
2026-09-08 15:20:59 [sweeper.paper] INFO:   Buy Price:       $0.99
2026-09-08 15:20:59 [sweeper.paper] INFO:   Order Method:    GTC POST-ONLY MAKER (zero fees)
2026-09-08 15:20:59 [sweeper.paper] INFO:   Taker Fallback:  DISABLED
2026-09-08 15:20:59 [sweeper.paper] INFO:   Fill Prob:       35%
2026-09-08 15:20:59 [sweeper.paper] INFO:   Partial Prob:    25%
2026-09-08 15:20:59 [sweeper.paper] INFO:   Ghost Prob:      5%
2026-09-08 15:20:59 [sweeper.paper] INFO:   Expire Prob:     35%
2026-09-08 15:20:59 [sweeper.paper] INFO:   Gas Cost:        $0.001/share
2026-09-08 15:20:59 [sweeper.paper] INFO:   Loser Max:       $0.005/share
2026-09-08 15:20:59 [sweeper.paper] INFO:   Maker Edge:     $0.004000/share
2026-09-08 15:20:59 [sweeper.paper] INFO:   Taker Edge:     $0.003604/share
2026-09-08 15:20:59 [sweeper.paper] INFO:   Resting Timeout: 120s
2026-09-08 15:20:59 [sweeper.paper] INFO:   Max Loss/Day:   $50.0
2026-09-08 15:20:59 [sweeper.paper] INFO:   Max Exposure:   $2000.0
2026-09-08 15:20:59 [sweeper.paper] INFO:   Cycles:         3
2026-09-08 15:20:59 [sweeper.paper] INFO:   Max Sweeps/Cycle: 5
2026-09-08 15:20:59 [sweeper.paper] INFO:   Main Log:        /buildkite/builds/fo3s0a7oab75c-1/vetrivelkick/sweeper-bot-fixes/repo/logs/paper_main_20260908_152059.log
2026-09-08 15:20:59 [sweeper.paper] INFO:   Trade Log:      /buildkite/builds/fo3s0a7oab75c-1/vetrivelkick/sweeper-bot-fixes/repo/logs/paper_trades_20260908_152059.log
2026-09-08 15:20:59 [sweeper.paper] INFO: ========================================================================
2026-09-08 15:20:59 [sweeper.paper] INFO: 
2026-09-08 15:20:59 [sweeper.paper] INFO: [PREFLIGHT] Running pre-flight checks...
2026-09-08 15:20:59 [sweeper.paper] INFO:   OK: Config validation passed
2026-09-08 15:20:59 [sweeper.paper] INFO:   OK: Paper mode - geoblock check skipped
2026-09-08 15:20:59 [sweeper.paper] INFO:   OK: Paper mode enabled - wallet checks skipped
2026-09-08 15:20:59 [sweeper.paper] INFO:   OK: Alert system (logging to file)
2026-09-08 15:20:59 [sweeper.paper] INFO:   OK: State file directory writable
2026-09-08 15:20:59 [sweeper.paper] INFO:   OK: Buy price 0.99 in valid range
2026-09-08 15:20:59 [sweeper.paper] INFO:   OK: Maker edge $0.004000/share (zero fees)
2026-09-08 15:20:59 [sweeper.paper] INFO:   OK: Taker edge $0.003604/share (if fallback used)
2026-09-08 15:20:59 [sweeper.paper] INFO:   OK: GTC post-only maker mode (PREFER_MAKER=True)
2026-09-08 15:20:59 [sweeper.paper] INFO:   OK: Taker fallback disabled
2026-09-08 15:20:59 [sweeper.paper] INFO:   WARN: SDK version check skipped: No package metadata was found for py-clob-client-v2
2026-09-08 15:20:59 [sweeper.paper] INFO:   OK: Paper mode - SDK import check skipped
2026-09-08 15:20:59 [sweeper.paper] INFO:   OK: Paper mode - SDK method check skipped
2026-09-08 15:20:59 [sweeper.paper] INFO:   OK: OK: Economics config valid
2026-09-08 15:20:59 [sweeper.paper] INFO: [PREFLIGHT] PASSED
2026-09-08 15:20:59 [sweeper.paper] INFO: [GAS] 10.0 POL | Floor: 0.5
2026-09-08 15:20:59 [sweeper.paper] INFO: 
2026-09-08 15:20:59 [sweeper.paper] INFO: [RATE LIMITS] Initial budget:
2026-09-08 15:20:59 [sweeper.paper] INFO:   order: 40
2026-09-08 15:20:59 [sweeper.paper] INFO:   book: 160
2026-09-08 15:20:59 [sweeper.paper] INFO:   gamma: 160
2026-09-08 15:20:59 [sweeper.paper] INFO:   api_key: 64
2026-09-08 15:20:59 [sweeper.paper] INFO:   relayer: 16
2026-09-08 15:20:59 [sweeper.paper] INFO: 
2026-09-08 15:20:59 [sweeper.paper] INFO: ========================================================================
2026-09-08 15:20:59 [sweeper.paper] INFO:   CYCLE 1
2026-09-08 15:20:59 [sweeper.paper] INFO: ========================================================================
2026-09-08 15:20:59 [sweeper.paper] INFO: 
2026-09-08 15:20:59 [sweeper.paper] INFO: [DISCOVERY] Fetching live markets from Gamma API...
2026-09-08 15:20:59 [sweeper.paper] INFO: [DISCOVERY] Found 100 candidate markets
2026-09-08 15:20:59 [sweeper.paper] INFO: 
2026-09-08 15:20:59 [sweeper.paper] INFO: [MARKET DATA] Top 5 candidates:
2026-09-08 15:20:59 [sweeper.paper] INFO:   1. Genoa: Thiago Seyboth Wild vs Francesco Ferrari
2026-09-08 15:20:59 [sweeper.paper] INFO:      Vol: $1,575,013 | YES=0.583 | NO=0.417 | Score: 918232.3416 | Cat: other
2026-09-08 15:20:59 [sweeper.paper] INFO:   2. Israel closes its airspace by September 30?
2026-09-08 15:20:59 [sweeper.paper] INFO:      Vol: $793,457 | YES=0.959 | NO=0.041 | Score: 760925.1442 | Cat: other
2026-09-08 15:20:59 [sweeper.paper] INFO:   3. Counter-Strike: G2 vs Astralis (BO3) - FISSURE PLAYGROUND Gr
2026-09-08 15:20:59 [sweeper.paper] INFO:      Vol: $695,908 | YES=0.455 | NO=0.545 | Score: 316638.1511 | Cat: other
2026-09-08 15:20:59 [sweeper.paper] INFO:   4. Will there be no change in Fed interest rates after the Sept
2026-09-08 15:20:59 [sweeper.paper] INFO:      Vol: $646,962 | YES=0.455 | NO=0.545 | Score: 294367.6233 | Cat: finance
2026-09-08 15:20:59 [sweeper.paper] INFO:   5. Will BV Borussia 09 Dortmund win on 2026-09-08?
2026-09-08 15:20:59 [sweeper.paper] INFO:      Vol: $445,898 | YES=0.535 | NO=0.465 | Score: 238555.5554 | Cat: sports
2026-09-08 15:20:59 [sweeper.paper] INFO: 
2026-09-08 15:20:59 [sweeper.paper] INFO: [DETECTION] Running resolution detection...
2026-09-08 15:20:59 [sweeper.paper] INFO: [DETECTION] 41 sweepable markets
2026-09-08 15:20:59 [sweeper.paper] INFO: 
2026-09-08 15:20:59 [sweeper.paper] INFO: [PRICE ACTION] Sweepable markets:
2026-09-08 15:20:59 [sweeper.paper] INFO:   1. Will the Fed decrease interest rates by 25 bps after the Sep
2026-09-08 15:20:59 [sweeper.paper] INFO:      Win: NO @ 0.9955 | Lose @ 0.0045 | Spread: 0.9910
2026-09-08 15:20:59 [sweeper.paper] INFO:      Certainty: 1 | Confidence: 99.55% | Reason: Price hint 0.9955 >= 0.99 (secondary only)
2026-09-08 15:20:59 [sweeper.paper] INFO:      Category: finance | Taker Fee Rate: 0.04 | Maker Fee: $0 (ZERO)
2026-09-08 15:20:59 [sweeper.paper] INFO:   2. Counter-Strike: GamerLegion vs FURIA (BO3) - FISSURE PLAYGRO
2026-09-08 15:20:59 [sweeper.paper] INFO:      Win: NO @ 0.9995 | Lose @ 0.0005 | Spread: 0.9990
2026-09-08 15:20:59 [sweeper.paper] INFO:      Certainty: 1 | Confidence: 99.95% | Reason: Price hint 0.9995 >= 0.999 (secondary only)
2026-09-08 15:20:59 [sweeper.paper] INFO:      Category: other | Taker Fee Rate: 0.05 | Maker Fee: $0 (ZERO)
2026-09-08 15:20:59 [sweeper.paper] INFO:   3. Counter-Strike: G2 vs Astralis - Map 1 Winner
2026-09-08 15:20:59 [sweeper.paper] INFO:      Win: NO @ 0.9995 | Lose @ 0.0005 | Spread: 0.9990
2026-09-08 15:20:59 [sweeper.paper] INFO:      Certainty: 1 | Confidence: 99.95% | Reason: Price hint 0.9995 >= 0.999 (secondary only)
2026-09-08 15:20:59 [sweeper.paper] INFO:      Category: other | Taker Fee Rate: 0.05 | Maker Fee: $0 (ZERO)
2026-09-08 15:20:59 [sweeper.paper] INFO:   4. Will Glenn Youngkin win the 2028 US Presidential Election?
2026-09-08 15:20:59 [sweeper.paper] INFO:      Win: NO @ 0.9985 | Lose @ 0.0015 | Spread: 0.9970
2026-09-08 15:20:59 [sweeper.paper] INFO:      Certainty: 1 | Confidence: 99.85% | Reason: Price hint 0.9985 >= 0.99 (secondary only)
2026-09-08 15:20:59 [sweeper.paper] INFO:      Category: politics | Taker Fee Rate: 0.04 | Maker Fee: $0 (ZERO)
2026-09-08 15:20:59 [sweeper.paper] INFO:   5. Will Shakhtar Donetsk win the 2026-27 UEFA Champions League 
2026-09-08 15:20:59 [sweeper.paper] INFO:      Win: NO @ 0.9985 | Lose @ 0.0015 | Spread: 0.9970
2026-09-08 15:20:59 [sweeper.paper] INFO:      Certainty: 1 | Confidence: 99.85% | Reason: Price hint 0.9985 >= 0.99 (secondary only)
2026-09-08 15:20:59 [sweeper.paper] INFO:      Category: sports | Taker Fee Rate: 0.05 | Maker Fee: $0 (ZERO)
2026-09-08 15:20:59 [sweeper.paper] INFO:   6. Map Handicap: G2 (-1.5) vs Astralis (+1.5)
2026-09-08 15:20:59 [sweeper.paper] INFO:      Win: NO @ 0.9995 | Lose @ 0.0005 | Spread: 0.9990
2026-09-08 15:20:59 [sweeper.paper] INFO:      Certainty: 1 | Confidence: 99.95% | Reason: Price hint 0.9995 >= 0.999 (secondary only)
2026-09-08 15:20:59 [sweeper.paper] INFO:      Category: other | Taker Fee Rate: 0.05 | Maker Fee: $0 (ZERO)
2026-09-08 15:20:59 [sweeper.paper] INFO:   7. Will RB Leipzig win the 2026-27 UEFA Champions League Champi
2026-09-08 15:20:59 [sweeper.paper] INFO:      Win: NO @ 0.9935 | Lose @ 0.0065 | Spread: 0.9870
2026-09-08 15:20:59 [sweeper.paper] INFO:      Certainty: 1 | Confidence: 99.35% | Reason: Price hint 0.9935 >= 0.99 (secondary only)
2026-09-08 15:20:59 [sweeper.paper] INFO:      Category: sports | Taker Fee Rate: 0.05 | Maker Fee: $0 (ZERO)
2026-09-08 15:20:59 [sweeper.paper] INFO:   8. Will the Fed increase interest rates by 50+ bps after the Se
2026-09-08 15:20:59 [sweeper.paper] INFO:      Win: NO @ 0.9955 | Lose @ 0.0045 | Spread: 0.9910
2026-09-08 15:20:59 [sweeper.paper] INFO:      Certainty: 1 | Confidence: 99.55% | Reason: Price hint 0.9955 >= 0.99 (secondary only)
2026-09-08 15:20:59 [sweeper.paper] INFO:      Category: finance | Taker Fee Rate: 0.04 | Maker Fee: $0 (ZERO)
2026-09-08 15:20:59 [sweeper.paper] INFO:   9. Will Eric Trump win the 2028 Republican presidential nominat
2026-09-08 15:20:59 [sweeper.paper] INFO:      Win: NO @ 0.9985 | Lose @ 0.0015 | Spread: 0.9970
2026-09-08 15:20:59 [sweeper.paper] INFO:      Certainty: 1 | Confidence: 99.85% | Reason: Price hint 0.9985 >= 0.99 (secondary only)
2026-09-08 15:20:59 [sweeper.paper] INFO:      Category: politics | Taker Fee Rate: 0.04 | Maker Fee: $0 (ZERO)
2026-09-08 15:20:59 [sweeper.paper] INFO:   10. Will the Fed decrease interest rates by 50+ bps after the Se
2026-09-08 15:20:59 [sweeper.paper] INFO:      Win: NO @ 0.9985 | Lose @ 0.0015 | Spread: 0.9970
2026-09-08 15:20:59 [sweeper.paper] INFO:      Certainty: 1 | Confidence: 99.85% | Reason: Price hint 0.9985 >= 0.99 (secondary only)
2026-09-08 15:20:59 [sweeper.paper] INFO:      Category: finance | Taker Fee Rate: 0.04 | Maker Fee: $0 (ZERO)
2026-09-08 15:20:59 [sweeper.paper] INFO: 
2026-09-08 15:20:59 [sweeper.paper] INFO: ------------------------------------------------------------------------
2026-09-08 15:20:59 [sweeper.paper] INFO:   TRADE #1 - CYCLE 1
2026-09-08 15:20:59 [sweeper.paper] INFO: ------------------------------------------------------------------------
2026-09-08 15:20:59 [sweeper.orders] INFO: [PAPER] Partial maker fill: 40/100.0
2026-09-08 15:20:59 [sweeper.ledger] INFO: [LEDGER] Trade 1: BUY_WINNING 40 @ $0.99 = $39.6000
2026-09-08 15:20:59 [sweeper.ledger] INFO: [LEDGER] Trade 1: BUY_LOSER 40 @ $0.005 = $0.2000
2026-09-08 15:20:59 [sweeper.ledger] INFO: [LEDGER] Trade 1: GAS_PAID $0.0400
2026-09-08 15:20:59 [sweeper.ledger] INFO: [LEDGER] Trade 1: MERGE 40 pairs -> $40.0000 pUSD (profit $0.2000)
2026-09-08 15:20:59 [sweeper.recycle] INFO: [PAPER] Bought 40.0 complementary tokens @ $0.005 = $0.2000
2026-09-08 15:20:59 [sweeper.recycle] INFO: [PAPER] Merge: 40.0 shares -> 40.0 pUSD (loser cost $0.2000)
2026-09-08 15:20:59 [sweeper.paper] INFO:   [OK] TRADE #1 COMPLETE - MAKER (ZERO FEES)
2026-09-08 15:20:59 [sweeper.paper] INFO:       Net PnL: +$0.1600 | Cumulative: $0.1600
2026-09-08 15:20:59 [sweeper.paper] INFO: ------------------------------------------------------------------------
2026-09-08 15:20:59 [sweeper.paper] INFO: 
2026-09-08 15:20:59 [sweeper.paper] INFO: ------------------------------------------------------------------------
2026-09-08 15:20:59 [sweeper.paper] INFO:   TRADE #2 - CYCLE 1
2026-09-08 15:20:59 [sweeper.paper] INFO: ------------------------------------------------------------------------
2026-09-08 15:20:59 [sweeper.orders] INFO: [PAPER] GTC post-only RESTING: BUY 100.0 @ 0.99 for Counter-Strike: GamerLegion vs FURIA (BO - queued
2026-09-08 15:20:59 [sweeper.safety] INFO: Market released: 0x42ec61e0269cd99507
2026-09-08 15:20:59 [sweeper.paper] INFO:   [X] TRADE #2 EXPIRED - No fill
2026-09-08 15:20:59 [sweeper.paper] INFO: ------------------------------------------------------------------------
2026-09-08 15:20:59 [sweeper.paper] INFO: 
2026-09-08 15:20:59 [sweeper.paper] INFO: ------------------------------------------------------------------------
2026-09-08 15:20:59 [sweeper.paper] INFO:   TRADE #3 - CYCLE 1
2026-09-08 15:20:59 [sweeper.paper] INFO: ------------------------------------------------------------------------
2026-09-08 15:20:59 [sweeper.orders] INFO: [PAPER] Partial maker fill: 40/100.0
2026-09-08 15:20:59 [sweeper.ledger] INFO: [LEDGER] Trade 3: BUY_WINNING 40 @ $0.99 = $39.6000
2026-09-08 15:20:59 [sweeper.ledger] INFO: [LEDGER] Trade 3: BUY_LOSER 40 @ $0.005 = $0.2000
2026-09-08 15:20:59 [sweeper.ledger] INFO: [LEDGER] Trade 3: GAS_PAID $0.0400
2026-09-08 15:20:59 [sweeper.ledger] INFO: [LEDGER] Trade 3: MERGE 40 pairs -> $40.0000 pUSD (profit $0.2000)
2026-09-08 15:20:59 [sweeper.recycle] INFO: [PAPER] Bought 40.0 complementary tokens @ $0.005 = $0.2000
2026-09-08 15:20:59 [sweeper.recycle] INFO: [PAPER] Merge: 40.0 shares -> 40.0 pUSD (loser cost $0.2000)
2026-09-08 15:20:59 [sweeper.paper] INFO:   [OK] TRADE #3 COMPLETE - MAKER (ZERO FEES)
2026-09-08 15:20:59 [sweeper.paper] INFO:       Net PnL: +$0.1600 | Cumulative: $0.3200
2026-09-08 15:20:59 [sweeper.paper] INFO: ------------------------------------------------------------------------
2026-09-08 15:20:59 [sweeper.paper] INFO: 
2026-09-08 15:20:59 [sweeper.paper] INFO: ------------------------------------------------------------------------
2026-09-08 15:20:59 [sweeper.paper] INFO:   TRADE #4 - CYCLE 1
2026-09-08 15:20:59 [sweeper.paper] INFO: ------------------------------------------------------------------------
2026-09-08 15:20:59 [sweeper.orders] INFO: [PAPER] GTC post-only RESTING: BUY 100.0 @ 0.99 for Will Glenn Youngkin win the 2028 US Pres - queued
2026-09-08 15:20:59 [sweeper.ledger] INFO: [LEDGER] Trade 4: BUY_WINNING 40 @ $0.99 = $39.6000
2026-09-08 15:20:59 [sweeper.ledger] INFO: [LEDGER] Trade 4: BUY_LOSER 40 @ $0.005 = $0.2000
2026-09-08 15:20:59 [sweeper.ledger] INFO: [LEDGER] Trade 4: GAS_PAID $0.0400
2026-09-08 15:20:59 [sweeper.ledger] INFO: [LEDGER] Trade 4: MERGE 40 pairs -> $40.0000 pUSD (profit $0.2000)
2026-09-08 15:20:59 [sweeper.recycle] INFO: [PAPER] Bought 40.0 complementary tokens @ $0.005 = $0.2000
2026-09-08 15:20:59 [sweeper.recycle] INFO: [PAPER] Merge: 40.0 shares -> 40.0 pUSD (loser cost $0.2000)
2026-09-08 15:20:59 [sweeper.paper] INFO:   [OK] TRADE #4 COMPLETE - MAKER (ZERO FEES)
2026-09-08 15:20:59 [sweeper.paper] INFO:       Net PnL: +$0.1600 | Cumulative: $0.4800
2026-09-08 15:20:59 [sweeper.paper] INFO: ------------------------------------------------------------------------
2026-09-08 15:20:59 [sweeper.paper] INFO: 
2026-09-08 15:20:59 [sweeper.paper] INFO: ------------------------------------------------------------------------
2026-09-08 15:20:59 [sweeper.paper] INFO:   TRADE #5 - CYCLE 1
2026-09-08 15:20:59 [sweeper.paper] INFO: ------------------------------------------------------------------------
2026-09-08 15:20:59 [sweeper.orders] INFO: [PAPER] GTC post-only RESTING: BUY 100.0 @ 0.99 for Will Shakhtar Donetsk win the 2026-27 UE - queued
2026-09-08 15:20:59 [sweeper.safety] INFO: Market released: 0xefa17dee3af09f69f9
2026-09-08 15:20:59 [sweeper.paper] INFO:   [X] TRADE #5 EXPIRED - No fill
2026-09-08 15:20:59 [sweeper.paper] INFO: ------------------------------------------------------------------------
2026-09-08 15:20:59 [sweeper.paper] INFO: 
2026-09-08 15:20:59 [sweeper.paper] INFO: ========================================================================
2026-09-08 15:20:59 [sweeper.paper] INFO:   CYCLE 1 SUMMARY
2026-09-08 15:20:59 [sweeper.paper] INFO: ========================================================================
2026-09-08 15:20:59 [sweeper.paper] INFO:   Sweeps: 5 | Time: 0.14s | PnL: $0.4800 | Daily: $0.4800
2026-09-08 15:20:59 [sweeper.paper] INFO:   Trades: 5 | Win: 3/5 = 60.0%
2026-09-08 15:20:59 [sweeper.paper] INFO:   Maker: 0 (zero fees) | Taker: 0 | Rejected: 0
2026-09-08 15:20:59 [sweeper.paper] INFO:   Resting: 3 | Expired: 2 | Partial: 3 | Ghost: 0
2026-09-08 15:20:59 [sweeper.paper] INFO:     order: 35 remaining
2026-09-08 15:20:59 [sweeper.paper] INFO:     book: 160 remaining
2026-09-08 15:20:59 [sweeper.paper] INFO:     gamma: 160 remaining
2026-09-08 15:20:59 [sweeper.paper] INFO:     api_key: 64 remaining
2026-09-08 15:20:59 [sweeper.paper] INFO:     relayer: 16 remaining
2026-09-08 15:20:59 [sweeper.paper] INFO:   Gas: 10.0 POL | Low: False
2026-09-08 15:20:59 [sweeper.reconcile] INFO: Position reconciliation: 0 positions, 0 real, 0 phantoms
2026-09-08 15:20:59 [sweeper.paper] INFO:   [RECONCILE] 0 pos, 0 phantoms
2026-09-08 15:20:59 [sweeper.paper] INFO:   [EXPOSURE] Pos: $0 | Resting: $178.2 | Total: $178.2 | Max: $2000.0
2026-09-08 15:20:59 [sweeper.paper] INFO: 
2026-09-08 15:20:59 [sweeper.paper] INFO: ========================================================================
2026-09-08 15:20:59 [sweeper.paper] INFO:   CYCLE 2
2026-09-08 15:20:59 [sweeper.paper] INFO: ========================================================================
2026-09-08 15:20:59 [sweeper.paper] INFO: 
2026-09-08 15:20:59 [sweeper.paper] INFO: [DISCOVERY] Fetching live markets from Gamma API...
2026-09-08 15:20:59 [sweeper.paper] INFO: [DISCOVERY] Found 100 candidate markets
2026-09-08 15:20:59 [sweeper.paper] INFO: 
2026-09-08 15:20:59 [sweeper.paper] INFO: [MARKET DATA] Top 5 candidates:
2026-09-08 15:20:59 [sweeper.paper] INFO:   1. Genoa: Thiago Seyboth Wild vs Francesco Ferrari
2026-09-08 15:20:59 [sweeper.paper] INFO:      Vol: $1,575,013 | YES=0.583 | NO=0.417 | Score: 918232.3416 | Cat: other
2026-09-08 15:20:59 [sweeper.paper] INFO:   2. Israel closes its airspace by September 30?
2026-09-08 15:20:59 [sweeper.paper] INFO:      Vol: $793,457 | YES=0.959 | NO=0.041 | Score: 760925.1442 | Cat: other
2026-09-08 15:20:59 [sweeper.paper] INFO:   3. Counter-Strike: G2 vs Astralis (BO3) - FISSURE PLAYGROUND Gr
2026-09-08 15:20:59 [sweeper.paper] INFO:      Vol: $695,908 | YES=0.455 | NO=0.545 | Score: 316638.1511 | Cat: other
2026-09-08 15:20:59 [sweeper.paper] INFO:   4. Will there be no change in Fed interest rates after the Sept
2026-09-08 15:20:59 [sweeper.paper] INFO:      Vol: $646,962 | YES=0.455 | NO=0.545 | Score: 294367.6233 | Cat: finance
2026-09-08 15:20:59 [sweeper.paper] INFO:   5. Will BV Borussia 09 Dortmund win on 2026-09-08?
2026-09-08 15:20:59 [sweeper.paper] INFO:      Vol: $445,898 | YES=0.535 | NO=0.465 | Score: 238555.5554 | Cat: sports
2026-09-08 15:20:59 [sweeper.paper] INFO: 
2026-09-08 15:20:59 [sweeper.paper] INFO: [DETECTION] Running resolution detection...
2026-09-08 15:20:59 [sweeper.paper] INFO: [DETECTION] 41 sweepable markets
2026-09-08 15:20:59 [sweeper.paper] INFO: 
2026-09-08 15:20:59 [sweeper.paper] INFO: [PRICE ACTION] Sweepable markets:
2026-09-08 15:20:59 [sweeper.paper] INFO:   1. Will the Fed decrease interest rates by 25 bps after the Sep
2026-09-08 15:20:59 [sweeper.paper] INFO:      Win: NO @ 0.9955 | Lose @ 0.0045 | Spread: 0.9910
2026-09-08 15:20:59 [sweeper.paper] INFO:      Certainty: 1 | Confidence: 99.55% | Reason: Price hint 0.9955 >= 0.99 (secondary only)
2026-09-08 15:20:59 [sweeper.paper] INFO:      Category: finance | Taker Fee Rate: 0.04 | Maker Fee: $0 (ZERO)
2026-09-08 15:20:59 [sweeper.paper] INFO:   2. Counter-Strike: GamerLegion vs FURIA (BO3) - FISSURE PLAYGRO
2026-09-08 15:20:59 [sweeper.paper] INFO:      Win: NO @ 0.9995 | Lose @ 0.0005 | Spread: 0.9990
2026-09-08 15:20:59 [sweeper.paper] INFO:      Certainty: 1 | Confidence: 99.95% | Reason: Price hint 0.9995 >= 0.999 (secondary only)
2026-09-08 15:20:59 [sweeper.paper] INFO:      Category: other | Taker Fee Rate: 0.05 | Maker Fee: $0 (ZERO)
2026-09-08 15:20:59 [sweeper.paper] INFO:   3. Counter-Strike: G2 vs Astralis - Map 1 Winner
2026-09-08 15:20:59 [sweeper.paper] INFO:      Win: NO @ 0.9995 | Lose @ 0.0005 | Spread: 0.9990
2026-09-08 15:20:59 [sweeper.paper] INFO:      Certainty: 1 | Confidence: 99.95% | Reason: Price hint 0.9995 >= 0.999 (secondary only)
2026-09-08 15:20:59 [sweeper.paper] INFO:      Category: other | Taker Fee Rate: 0.05 | Maker Fee: $0 (ZERO)
2026-09-08 15:20:59 [sweeper.paper] INFO:   4. Will Glenn Youngkin win the 2028 US Presidential Election?
2026-09-08 15:20:59 [sweeper.paper] INFO:      Win: NO @ 0.9985 | Lose @ 0.0015 | Spread: 0.9970
2026-09-08 15:20:59 [sweeper.paper] INFO:      Certainty: 1 | Confidence: 99.85% | Reason: Price hint 0.9985 >= 0.99 (secondary only)
2026-09-08 15:20:59 [sweeper.paper] INFO:      Category: politics | Taker Fee Rate: 0.04 | Maker Fee: $0 (ZERO)
2026-09-08 15:20:59 [sweeper.paper] INFO:   5. Will Shakhtar Donetsk win the 2026-27 UEFA Champions League 
2026-09-08 15:20:59 [sweeper.paper] INFO:      Win: NO @ 0.9985 | Lose @ 0.0015 | Spread: 0.9970
2026-09-08 15:20:59 [sweeper.paper] INFO:      Certainty: 1 | Confidence: 99.85% | Reason: Price hint 0.9985 >= 0.99 (secondary only)
2026-09-08 15:20:59 [sweeper.paper] INFO:      Category: sports | Taker Fee Rate: 0.05 | Maker Fee: $0 (ZERO)
2026-09-08 15:20:59 [sweeper.paper] INFO:   6. Map Handicap: G2 (-1.5) vs Astralis (+1.5)
2026-09-08 15:20:59 [sweeper.paper] INFO:      Win: NO @ 0.9995 | Lose @ 0.0005 | Spread: 0.9990
2026-09-08 15:20:59 [sweeper.paper] INFO:      Certainty: 1 | Confidence: 99.95% | Reason: Price hint 0.9995 >= 0.999 (secondary only)
2026-09-08 15:20:59 [sweeper.paper] INFO:      Category: other | Taker Fee Rate: 0.05 | Maker Fee: $0 (ZERO)
2026-09-08 15:20:59 [sweeper.paper] INFO:   7. Will RB Leipzig win the 2026-27 UEFA Champions League Champi
2026-09-08 15:20:59 [sweeper.paper] INFO:      Win: NO @ 0.9935 | Lose @ 0.0065 | Spread: 0.9870
2026-09-08 15:20:59 [sweeper.paper] INFO:      Certainty: 1 | Confidence: 99.35% | Reason: Price hint 0.9935 >= 0.99 (secondary only)
2026-09-08 15:20:59 [sweeper.paper] INFO:      Category: sports | Taker Fee Rate: 0.05 | Maker Fee: $0 (ZERO)
2026-09-08 15:20:59 [sweeper.paper] INFO:   8. Will the Fed increase interest rates by 50+ bps after the Se
2026-09-08 15:20:59 [sweeper.paper] INFO:      Win: NO @ 0.9955 | Lose @ 0.0045 | Spread: 0.9910
2026-09-08 15:20:59 [sweeper.paper] INFO:      Certainty: 1 | Confidence: 99.55% | Reason: Price hint 0.9955 >= 0.99 (secondary only)
2026-09-08 15:20:59 [sweeper.paper] INFO:      Category: finance | Taker Fee Rate: 0.04 | Maker Fee: $0 (ZERO)
2026-09-08 15:20:59 [sweeper.paper] INFO:   9. Will Eric Trump win the 2028 Republican presidential nominat
2026-09-08 15:20:59 [sweeper.paper] INFO:      Win: NO @ 0.9985 | Lose @ 0.0015 | Spread: 0.9970
2026-09-08 15:20:59 [sweeper.paper] INFO:      Certainty: 1 | Confidence: 99.85% | Reason: Price hint 0.9985 >= 0.99 (secondary only)
2026-09-08 15:20:59 [sweeper.paper] INFO:      Category: politics | Taker Fee Rate: 0.04 | Maker Fee: $0 (ZERO)
2026-09-08 15:20:59 [sweeper.paper] INFO:   10. Will the Fed decrease interest rates by 50+ bps after the Se
2026-09-08 15:20:59 [sweeper.paper] INFO:      Win: NO @ 0.9985 | Lose @ 0.0015 | Spread: 0.9970
2026-09-08 15:20:59 [sweeper.paper] INFO:      Certainty: 1 | Confidence: 99.85% | Reason: Price hint 0.9985 >= 0.99 (secondary only)
2026-09-08 15:20:59 [sweeper.paper] INFO:      Category: finance | Taker Fee Rate: 0.04 | Maker Fee: $0 (ZERO)
2026-09-08 15:20:59 [sweeper.paper] INFO: 
2026-09-08 15:20:59 [sweeper.paper] INFO: ------------------------------------------------------------------------
2026-09-08 15:20:59 [sweeper.paper] INFO:   TRADE #6 - CYCLE 2
2026-09-08 15:20:59 [sweeper.paper] INFO: ------------------------------------------------------------------------
2026-09-08 15:20:59 [sweeper.orders] INFO: [PAPER] GTC maker FILL: 100.0 @ 0.99 OK for Map Handicap: G2 (-1.5) vs Astralis (+1.
2026-09-08 15:20:59 [sweeper.ledger] INFO: [LEDGER] Trade 6: BUY_WINNING 100 @ $0.99 = $99.0000
2026-09-08 15:20:59 [sweeper.ledger] INFO: [LEDGER] Trade 6: BUY_LOSER 100 @ $0.005 = $0.5000
2026-09-08 15:20:59 [sweeper.ledger] INFO: [LEDGER] Trade 6: GAS_PAID $0.1000
2026-09-08 15:20:59 [sweeper.ledger] INFO: [LEDGER] Trade 6: MERGE 100 pairs -> $100.0000 pUSD (profit $0.5000)
2026-09-08 15:20:59 [sweeper.recycle] INFO: [PAPER] Bought 100.0 complementary tokens @ $0.005 = $0.5000
2026-09-08 15:20:59 [sweeper.recycle] INFO: [PAPER] Merge: 100.0 shares -> 100.0 pUSD (loser cost $0.5000)
2026-09-08 15:20:59 [sweeper.paper] INFO:   [OK] TRADE #6 COMPLETE - MAKER (ZERO FEES)
2026-09-08 15:20:59 [sweeper.paper] INFO:       Net PnL: +$0.4000 | Cumulative: $0.8800
2026-09-08 15:20:59 [sweeper.paper] INFO: ------------------------------------------------------------------------
2026-09-08 15:20:59 [sweeper.paper] INFO: 
2026-09-08 15:20:59 [sweeper.paper] INFO: ------------------------------------------------------------------------
2026-09-08 15:20:59 [sweeper.paper] INFO:   TRADE #7 - CYCLE 2
2026-09-08 15:20:59 [sweeper.paper] INFO: ------------------------------------------------------------------------
2026-09-08 15:20:59 [sweeper.orders] INFO: [PAPER] GTC maker FILL: 100.0 @ 0.99 OK for Will RB Leipzig win the 2026-27 UEFA Cha
2026-09-08 15:20:59 [sweeper.ledger] INFO: [LEDGER] Trade 7: BUY_WINNING 100 @ $0.99 = $99.0000
2026-09-08 15:20:59 [sweeper.ledger] INFO: [LEDGER] Trade 7: BUY_LOSER 100 @ $0.005 = $0.5000
2026-09-08 15:20:59 [sweeper.ledger] INFO: [LEDGER] Trade 7: GAS_PAID $0.1000
2026-09-08 15:20:59 [sweeper.ledger] INFO: [LEDGER] Trade 7: MERGE 100 pairs -> $100.0000 pUSD (profit $0.5000)
2026-09-08 15:20:59 [sweeper.recycle] INFO: [PAPER] Bought 100.0 complementary tokens @ $0.005 = $0.5000
2026-09-08 15:20:59 [sweeper.recycle] INFO: [PAPER] Merge: 100.0 shares -> 100.0 pUSD (loser cost $0.5000)
2026-09-08 15:20:59 [sweeper.paper] INFO:   [OK] TRADE #7 COMPLETE - MAKER (ZERO FEES)
2026-09-08 15:20:59 [sweeper.paper] INFO:       Net PnL: +$0.4000 | Cumulative: $1.2800
2026-09-08 15:20:59 [sweeper.paper] INFO: ------------------------------------------------------------------------
2026-09-08 15:20:59 [sweeper.paper] INFO: 
2026-09-08 15:20:59 [sweeper.paper] INFO: ------------------------------------------------------------------------
2026-09-08 15:20:59 [sweeper.paper] INFO:   TRADE #8 - CYCLE 2
2026-09-08 15:20:59 [sweeper.paper] INFO: ------------------------------------------------------------------------
2026-09-08 15:20:59 [sweeper.orders] INFO: [PAPER] GTC maker FILL: 100.0 @ 0.99 GHOST for Will the Fed increase interest rates by 
2026-09-08 15:20:59 [sweeper.paper] INFO:   [!] TRADE #8 GHOST FILL - No settlement
2026-09-08 15:20:59 [sweeper.paper] INFO: ------------------------------------------------------------------------
2026-09-08 15:20:59 [sweeper.paper] INFO: 
2026-09-08 15:20:59 [sweeper.paper] INFO: ------------------------------------------------------------------------
2026-09-08 15:20:59 [sweeper.paper] INFO:   TRADE #9 - CYCLE 2
2026-09-08 15:20:59 [sweeper.paper] INFO: ------------------------------------------------------------------------
2026-09-08 15:20:59 [sweeper.orders] INFO: [PAPER] GTC post-only RESTING: BUY 100.0 @ 0.99 for Will Eric Trump win the 2028 Republican  - queued
2026-09-08 15:20:59 [sweeper.ledger] INFO: [LEDGER] Trade 9: BUY_WINNING 100 @ $0.99 = $99.0000
2026-09-08 15:20:59 [sweeper.ledger] INFO: [LEDGER] Trade 9: BUY_LOSER 100 @ $0.005 = $0.5000
2026-09-08 15:20:59 [sweeper.ledger] INFO: [LEDGER] Trade 9: GAS_PAID $0.1000
2026-09-08 15:20:59 [sweeper.ledger] INFO: [LEDGER] Trade 9: MERGE 100 pairs -> $100.0000 pUSD (profit $0.5000)
2026-09-08 15:20:59 [sweeper.recycle] INFO: [PAPER] Bought 100.0 complementary tokens @ $0.005 = $0.5000
2026-09-08 15:20:59 [sweeper.recycle] INFO: [PAPER] Merge: 100.0 shares -> 100.0 pUSD (loser cost $0.5000)
2026-09-08 15:20:59 [sweeper.paper] INFO:   [OK] TRADE #9 COMPLETE - MAKER (ZERO FEES)
2026-09-08 15:20:59 [sweeper.paper] INFO:       Net PnL: +$0.4000 | Cumulative: $1.6800
2026-09-08 15:20:59 [sweeper.paper] INFO: ------------------------------------------------------------------------
2026-09-08 15:20:59 [sweeper.paper] INFO: 
2026-09-08 15:20:59 [sweeper.paper] INFO: ------------------------------------------------------------------------
2026-09-08 15:20:59 [sweeper.paper] INFO:   TRADE #10 - CYCLE 2
2026-09-08 15:20:59 [sweeper.paper] INFO: ------------------------------------------------------------------------
2026-09-08 15:20:59 [sweeper.orders] INFO: [PAPER] GTC maker FILL: 100.0 @ 0.99 OK for Will the Fed decrease interest rates by 
2026-09-08 15:20:59 [sweeper.ledger] INFO: [LEDGER] Trade 10: BUY_WINNING 100 @ $0.99 = $99.0000
2026-09-08 15:20:59 [sweeper.ledger] INFO: [LEDGER] Trade 10: BUY_LOSER 100 @ $0.005 = $0.5000
2026-09-08 15:20:59 [sweeper.ledger] INFO: [LEDGER] Trade 10: GAS_PAID $0.1000
2026-09-08 15:20:59 [sweeper.ledger] INFO: [LEDGER] Trade 10: MERGE 100 pairs -> $100.0000 pUSD (profit $0.5000)
2026-09-08 15:20:59 [sweeper.recycle] INFO: [PAPER] Bought 100.0 complementary tokens @ $0.005 = $0.5000
2026-09-08 15:20:59 [sweeper.recycle] INFO: [PAPER] Merge: 100.0 shares -> 100.0 pUSD (loser cost $0.5000)
2026-09-08 15:20:59 [sweeper.paper] INFO:   [OK] TRADE #10 COMPLETE - MAKER (ZERO FEES)
2026-09-08 15:20:59 [sweeper.paper] INFO:       Net PnL: +$0.4000 | Cumulative: $2.0800
2026-09-08 15:20:59 [sweeper.paper] INFO: ------------------------------------------------------------------------
2026-09-08 15:20:59 [sweeper.paper] INFO: 
2026-09-08 15:20:59 [sweeper.paper] INFO: ========================================================================
2026-09-08 15:20:59 [sweeper.paper] INFO:   CYCLE 2 SUMMARY
2026-09-08 15:20:59 [sweeper.paper] INFO: ========================================================================
2026-09-08 15:20:59 [sweeper.paper] INFO:   Sweeps: 5 | Time: 0.09s | PnL: $2.0800 | Daily: $2.0800
2026-09-08 15:20:59 [sweeper.paper] INFO:   Trades: 10 | Win: 7/10 = 70.0%
2026-09-08 15:20:59 [sweeper.paper] INFO:   Maker: 4 (zero fees) | Taker: 0 | Rejected: 0
2026-09-08 15:20:59 [sweeper.paper] INFO:   Resting: 4 | Expired: 2 | Partial: 3 | Ghost: 1
2026-09-08 15:20:59 [sweeper.paper] INFO:     order: 30 remaining
2026-09-08 15:20:59 [sweeper.paper] INFO:     book: 160 remaining
2026-09-08 15:20:59 [sweeper.paper] INFO:     gamma: 160 remaining
2026-09-08 15:20:59 [sweeper.paper] INFO:     api_key: 64 remaining
2026-09-08 15:20:59 [sweeper.paper] INFO:     relayer: 16 remaining
2026-09-08 15:20:59 [sweeper.paper] INFO:   Gas: 10.0 POL | Low: False
2026-09-08 15:20:59 [sweeper.reconcile] INFO: Position reconciliation: 0 positions, 0 real, 0 phantoms
2026-09-08 15:20:59 [sweeper.paper] INFO:   [RECONCILE] 0 pos, 0 phantoms
2026-09-08 15:20:59 [sweeper.paper] INFO:   [EXPOSURE] Pos: $0 | Resting: $178.2 | Total: $178.2 | Max: $2000.0
2026-09-08 15:20:59 [sweeper.paper] INFO: 
2026-09-08 15:20:59 [sweeper.paper] INFO: ========================================================================
2026-09-08 15:20:59 [sweeper.paper] INFO:   CYCLE 3
2026-09-08 15:20:59 [sweeper.paper] INFO: ========================================================================
2026-09-08 15:20:59 [sweeper.paper] INFO: 
2026-09-08 15:20:59 [sweeper.paper] INFO: [DISCOVERY] Fetching live markets from Gamma API...
2026-09-08 15:20:59 [sweeper.paper] INFO: [DISCOVERY] Found 100 candidate markets
2026-09-08 15:20:59 [sweeper.paper] INFO: 
2026-09-08 15:20:59 [sweeper.paper] INFO: [MARKET DATA] Top 5 candidates:
2026-09-08 15:20:59 [sweeper.paper] INFO:   1. Genoa: Thiago Seyboth Wild vs Francesco Ferrari
2026-09-08 15:20:59 [sweeper.paper] INFO:      Vol: $1,575,013 | YES=0.583 | NO=0.417 | Score: 918232.3416 | Cat: other
2026-09-08 15:20:59 [sweeper.paper] INFO:   2. Israel closes its airspace by September 30?
2026-09-08 15:20:59 [sweeper.paper] INFO:      Vol: $793,457 | YES=0.959 | NO=0.041 | Score: 760925.1442 | Cat: other
2026-09-08 15:20:59 [sweeper.paper] INFO:   3. Counter-Strike: G2 vs Astralis (BO3) - FISSURE PLAYGROUND Gr
2026-09-08 15:20:59 [sweeper.paper] INFO:      Vol: $695,908 | YES=0.455 | NO=0.545 | Score: 316638.1511 | Cat: other
2026-09-08 15:20:59 [sweeper.paper] INFO:   4. Will there be no change in Fed interest rates after the Sept
2026-09-08 15:20:59 [sweeper.paper] INFO:      Vol: $646,962 | YES=0.455 | NO=0.545 | Score: 294367.6233 | Cat: finance
2026-09-08 15:20:59 [sweeper.paper] INFO:   5. Will BV Borussia 09 Dortmund win on 2026-09-08?
2026-09-08 15:20:59 [sweeper.paper] INFO:      Vol: $445,898 | YES=0.535 | NO=0.465 | Score: 238555.5554 | Cat: sports
2026-09-08 15:20:59 [sweeper.paper] INFO: 
2026-09-08 15:20:59 [sweeper.paper] INFO: [DETECTION] Running resolution detection...
2026-09-08 15:20:59 [sweeper.paper] INFO: [DETECTION] 41 sweepable markets
2026-09-08 15:20:59 [sweeper.paper] INFO: 
2026-09-08 15:20:59 [sweeper.paper] INFO: [PRICE ACTION] Sweepable markets:
2026-09-08 15:20:59 [sweeper.paper] INFO:   1. Will the Fed decrease interest rates by 25 bps after the Sep
2026-09-08 15:20:59 [sweeper.paper] INFO:      Win: NO @ 0.9955 | Lose @ 0.0045 | Spread: 0.9910
2026-09-08 15:20:59 [sweeper.paper] INFO:      Certainty: 1 | Confidence: 99.55% | Reason: Price hint 0.9955 >= 0.99 (secondary only)
2026-09-08 15:20:59 [sweeper.paper] INFO:      Category: finance | Taker Fee Rate: 0.04 | Maker Fee: $0 (ZERO)
2026-09-08 15:20:59 [sweeper.paper] INFO:   2. Counter-Strike: GamerLegion vs FURIA (BO3) - FISSURE PLAYGRO
2026-09-08 15:20:59 [sweeper.paper] INFO:      Win: NO @ 0.9995 | Lose @ 0.0005 | Spread: 0.9990
2026-09-08 15:20:59 [sweeper.paper] INFO:      Certainty: 1 | Confidence: 99.95% | Reason: Price hint 0.9995 >= 0.999 (secondary only)
2026-09-08 15:20:59 [sweeper.paper] INFO:      Category: other | Taker Fee Rate: 0.05 | Maker Fee: $0 (ZERO)
2026-09-08 15:20:59 [sweeper.paper] INFO:   3. Counter-Strike: G2 vs Astralis - Map 1 Winner
2026-09-08 15:20:59 [sweeper.paper] INFO:      Win: NO @ 0.9995 | Lose @ 0.0005 | Spread: 0.9990
2026-09-08 15:20:59 [sweeper.paper] INFO:      Certainty: 1 | Confidence: 99.95% | Reason: Price hint 0.9995 >= 0.999 (secondary only)
2026-09-08 15:20:59 [sweeper.paper] INFO:      Category: other | Taker Fee Rate: 0.05 | Maker Fee: $0 (ZERO)
2026-09-08 15:20:59 [sweeper.paper] INFO:   4. Will Glenn Youngkin win the 2028 US Presidential Election?
2026-09-08 15:20:59 [sweeper.paper] INFO:      Win: NO @ 0.9985 | Lose @ 0.0015 | Spread: 0.9970
2026-09-08 15:20:59 [sweeper.paper] INFO:      Certainty: 1 | Confidence: 99.85% | Reason: Price hint 0.9985 >= 0.99 (secondary only)
2026-09-08 15:20:59 [sweeper.paper] INFO:      Category: politics | Taker Fee Rate: 0.04 | Maker Fee: $0 (ZERO)
2026-09-08 15:20:59 [sweeper.paper] INFO:   5. Will Shakhtar Donetsk win the 2026-27 UEFA Champions League 
2026-09-08 15:20:59 [sweeper.paper] INFO:      Win: NO @ 0.9985 | Lose @ 0.0015 | Spread: 0.9970
2026-09-08 15:20:59 [sweeper.paper] INFO:      Certainty: 1 | Confidence: 99.85% | Reason: Price hint 0.9985 >= 0.99 (secondary only)
2026-09-08 15:20:59 [sweeper.paper] INFO:      Category: sports | Taker Fee Rate: 0.05 | Maker Fee: $0 (ZERO)
2026-09-08 15:20:59 [sweeper.paper] INFO:   6. Map Handicap: G2 (-1.5) vs Astralis (+1.5)
2026-09-08 15:20:59 [sweeper.paper] INFO:      Win: NO @ 0.9995 | Lose @ 0.0005 | Spread: 0.9990
2026-09-08 15:20:59 [sweeper.paper] INFO:      Certainty: 1 | Confidence: 99.95% | Reason: Price hint 0.9995 >= 0.999 (secondary only)
2026-09-08 15:20:59 [sweeper.paper] INFO:      Category: other | Taker Fee Rate: 0.05 | Maker Fee: $0 (ZERO)
2026-09-08 15:20:59 [sweeper.paper] INFO:   7. Will RB Leipzig win the 2026-27 UEFA Champions League Champi
2026-09-08 15:20:59 [sweeper.paper] INFO:      Win: NO @ 0.9935 | Lose @ 0.0065 | Spread: 0.9870
2026-09-08 15:20:59 [sweeper.paper] INFO:      Certainty: 1 | Confidence: 99.35% | Reason: Price hint 0.9935 >= 0.99 (secondary only)
2026-09-08 15:20:59 [sweeper.paper] INFO:      Category: sports | Taker Fee Rate: 0.05 | Maker Fee: $0 (ZERO)
2026-09-08 15:20:59 [sweeper.paper] INFO:   8. Will the Fed increase interest rates by 50+ bps after the Se
2026-09-08 15:20:59 [sweeper.paper] INFO:      Win: NO @ 0.9955 | Lose @ 0.0045 | Spread: 0.9910
2026-09-08 15:20:59 [sweeper.paper] INFO:      Certainty: 1 | Confidence: 99.55% | Reason: Price hint 0.9955 >= 0.99 (secondary only)
2026-09-08 15:20:59 [sweeper.paper] INFO:      Category: finance | Taker Fee Rate: 0.04 | Maker Fee: $0 (ZERO)
2026-09-08 15:20:59 [sweeper.paper] INFO:   9. Will Eric Trump win the 2028 Republican presidential nominat
2026-09-08 15:20:59 [sweeper.paper] INFO:      Win: NO @ 0.9985 | Lose @ 0.0015 | Spread: 0.9970
2026-09-08 15:20:59 [sweeper.paper] INFO:      Certainty: 1 | Confidence: 99.85% | Reason: Price hint 0.9985 >= 0.99 (secondary only)
2026-09-08 15:20:59 [sweeper.paper] INFO:      Category: politics | Taker Fee Rate: 0.04 | Maker Fee: $0 (ZERO)
2026-09-08 15:20:59 [sweeper.paper] INFO:   10. Will the Fed decrease interest rates by 50+ bps after the Se
2026-09-08 15:20:59 [sweeper.paper] INFO:      Win: NO @ 0.9985 | Lose @ 0.0015 | Spread: 0.9970
2026-09-08 15:20:59 [sweeper.paper] INFO:      Certainty: 1 | Confidence: 99.85% | Reason: Price hint 0.9985 >= 0.99 (secondary only)
2026-09-08 15:20:59 [sweeper.paper] INFO:      Category: finance | Taker Fee Rate: 0.04 | Maker Fee: $0 (ZERO)
2026-09-08 15:20:59 [sweeper.paper] INFO: 
2026-09-08 15:20:59 [sweeper.paper] INFO: ------------------------------------------------------------------------
2026-09-08 15:20:59 [sweeper.paper] INFO:   TRADE #11 - CYCLE 3
2026-09-08 15:20:59 [sweeper.paper] INFO: ------------------------------------------------------------------------
2026-09-08 15:20:59 [sweeper.orders] INFO: [PAPER] GTC post-only RESTING: BUY 100.0 @ 0.99 for Dota 2: Team Synapse vs  Pipsqueak+4 - G - queued
2026-09-08 15:20:59 [sweeper.ledger] INFO: [LEDGER] Trade 11: BUY_WINNING 100 @ $0.99 = $99.0000
2026-09-08 15:20:59 [sweeper.ledger] INFO: [LEDGER] Trade 11: BUY_LOSER 100 @ $0.005 = $0.5000
2026-09-08 15:20:59 [sweeper.ledger] INFO: [LEDGER] Trade 11: GAS_PAID $0.1000
2026-09-08 15:20:59 [sweeper.ledger] INFO: [LEDGER] Trade 11: MERGE 100 pairs -> $100.0000 pUSD (profit $0.5000)
2026-09-08 15:20:59 [sweeper.recycle] INFO: [PAPER] Bought 100.0 complementary tokens @ $0.005 = $0.5000
2026-09-08 15:20:59 [sweeper.recycle] INFO: [PAPER] Merge: 100.0 shares -> 100.0 pUSD (loser cost $0.5000)
2026-09-08 15:20:59 [sweeper.paper] INFO:   [OK] TRADE #11 COMPLETE - MAKER (ZERO FEES)
2026-09-08 15:20:59 [sweeper.paper] INFO:       Net PnL: +$0.4000 | Cumulative: $2.4800
2026-09-08 15:20:59 [sweeper.paper] INFO: ------------------------------------------------------------------------
2026-09-08 15:20:59 [sweeper.paper] INFO: 
2026-09-08 15:20:59 [sweeper.paper] INFO: ------------------------------------------------------------------------
2026-09-08 15:20:59 [sweeper.paper] INFO:   TRADE #12 - CYCLE 3
2026-09-08 15:20:59 [sweeper.paper] INFO: ------------------------------------------------------------------------
2026-09-08 15:20:59 [sweeper.orders] INFO: [PAPER] GTC post-only RESTING: BUY 100.0 @ 0.99 for Will United Russia (ER) win the most sea - queued
2026-09-08 15:20:59 [sweeper.ledger] INFO: [LEDGER] Trade 12: BUY_WINNING 100 @ $0.99 = $99.0000
2026-09-08 15:20:59 [sweeper.ledger] INFO: [LEDGER] Trade 12: BUY_LOSER 100 @ $0.005 = $0.5000
2026-09-08 15:20:59 [sweeper.ledger] INFO: [LEDGER] Trade 12: GAS_PAID $0.1000
2026-09-08 15:20:59 [sweeper.ledger] INFO: [LEDGER] Trade 12: MERGE 100 pairs -> $100.0000 pUSD (profit $0.5000)
2026-09-08 15:20:59 [sweeper.recycle] INFO: [PAPER] Bought 100.0 complementary tokens @ $0.005 = $0.5000
2026-09-08 15:20:59 [sweeper.recycle] INFO: [PAPER] Merge: 100.0 shares -> 100.0 pUSD (loser cost $0.5000)
2026-09-08 15:20:59 [sweeper.paper] INFO:   [OK] TRADE #12 COMPLETE - MAKER (ZERO FEES)
2026-09-08 15:20:59 [sweeper.paper] INFO:       Net PnL: +$0.4000 | Cumulative: $2.8800
2026-09-08 15:20:59 [sweeper.paper] INFO: ------------------------------------------------------------------------
2026-09-08 15:20:59 [sweeper.paper] INFO: 
2026-09-08 15:20:59 [sweeper.paper] INFO: ------------------------------------------------------------------------
2026-09-08 15:20:59 [sweeper.paper] INFO:   TRADE #13 - CYCLE 3
2026-09-08 15:20:59 [sweeper.paper] INFO: ------------------------------------------------------------------------
2026-09-08 15:20:59 [sweeper.orders] INFO: [PAPER] GTC maker FILL: 100.0 @ 0.99 OK for Will Villarreal win the 2026-27 UEFA Cha
2026-09-08 15:20:59 [sweeper.ledger] INFO: [LEDGER] Trade 13: BUY_WINNING 100 @ $0.99 = $99.0000
2026-09-08 15:20:59 [sweeper.ledger] INFO: [LEDGER] Trade 13: BUY_LOSER 100 @ $0.005 = $0.5000
2026-09-08 15:20:59 [sweeper.ledger] INFO: [LEDGER] Trade 13: GAS_PAID $0.1000
2026-09-08 15:20:59 [sweeper.ledger] INFO: [LEDGER] Trade 13: MERGE 100 pairs -> $100.0000 pUSD (profit $0.5000)
2026-09-08 15:20:59 [sweeper.recycle] INFO: [PAPER] Bought 100.0 complementary tokens @ $0.005 = $0.5000
2026-09-08 15:20:59 [sweeper.recycle] INFO: [PAPER] Merge: 100.0 shares -> 100.0 pUSD (loser cost $0.5000)
2026-09-08 15:20:59 [sweeper.paper] INFO:   [OK] TRADE #13 COMPLETE - MAKER (ZERO FEES)
2026-09-08 15:20:59 [sweeper.paper] INFO:       Net PnL: +$0.4000 | Cumulative: $3.2800
2026-09-08 15:20:59 [sweeper.paper] INFO: ------------------------------------------------------------------------
2026-09-08 15:20:59 [sweeper.paper] INFO: 
2026-09-08 15:20:59 [sweeper.paper] INFO: ------------------------------------------------------------------------
2026-09-08 15:20:59 [sweeper.paper] INFO:   TRADE #14 - CYCLE 3
2026-09-08 15:20:59 [sweeper.paper] INFO: ------------------------------------------------------------------------
2026-09-08 15:20:59 [sweeper.orders] INFO: [PAPER] GHOST fill for Will Real Betis win the 2026-27 UEFA Cha
2026-09-08 15:20:59 [sweeper.paper] INFO:   [!] TRADE #14 GHOST FILL - No settlement
2026-09-08 15:20:59 [sweeper.paper] INFO: ------------------------------------------------------------------------
2026-09-08 15:20:59 [sweeper.paper] INFO: 
2026-09-08 15:20:59 [sweeper.paper] INFO: ------------------------------------------------------------------------
2026-09-08 15:20:59 [sweeper.paper] INFO:   TRADE #15 - CYCLE 3
2026-09-08 15:20:59 [sweeper.paper] INFO: ------------------------------------------------------------------------
2026-09-08 15:20:59 [sweeper.orders] INFO: [PAPER] GTC maker FILL: 100.0 @ 0.99 OK for Will the price of Bitcoin be above $82,0
2026-09-08 15:20:59 [sweeper.ledger] INFO: [LEDGER] Trade 15: BUY_WINNING 100 @ $0.99 = $99.0000
2026-09-08 15:20:59 [sweeper.ledger] INFO: [LEDGER] Trade 15: BUY_LOSER 100 @ $0.005 = $0.5000
2026-09-08 15:20:59 [sweeper.ledger] INFO: [LEDGER] Trade 15: GAS_PAID $0.1000
2026-09-08 15:20:59 [sweeper.ledger] INFO: [LEDGER] Trade 15: MERGE 100 pairs -> $100.0000 pUSD (profit $0.5000)
2026-09-08 15:20:59 [sweeper.recycle] INFO: [PAPER] Bought 100.0 complementary tokens @ $0.005 = $0.5000
2026-09-08 15:20:59 [sweeper.recycle] INFO: [PAPER] Merge: 100.0 shares -> 100.0 pUSD (loser cost $0.5000)
2026-09-08 15:20:59 [sweeper.paper] INFO:   [OK] TRADE #15 COMPLETE - MAKER (ZERO FEES)
2026-09-08 15:20:59 [sweeper.paper] INFO:       Net PnL: +$0.4000 | Cumulative: $3.6800
2026-09-08 15:20:59 [sweeper.paper] INFO: ------------------------------------------------------------------------
2026-09-08 15:20:59 [sweeper.paper] INFO: 
2026-09-08 15:20:59 [sweeper.paper] INFO: ========================================================================
2026-09-08 15:20:59 [sweeper.paper] INFO:   CYCLE 3 SUMMARY
2026-09-08 15:20:59 [sweeper.paper] INFO: ========================================================================
2026-09-08 15:20:59 [sweeper.paper] INFO:   Sweeps: 5 | Time: 0.13s | PnL: $3.6800 | Daily: $3.6800
2026-09-08 15:20:59 [sweeper.paper] INFO:   Trades: 15 | Win: 11/15 = 73.3%
2026-09-08 15:20:59 [sweeper.paper] INFO:   Maker: 8 (zero fees) | Taker: 0 | Rejected: 0
2026-09-08 15:20:59 [sweeper.paper] INFO:   Resting: 6 | Expired: 2 | Partial: 3 | Ghost: 2
2026-09-08 15:20:59 [sweeper.paper] INFO:     order: 25 remaining
2026-09-08 15:20:59 [sweeper.paper] INFO:     book: 160 remaining
2026-09-08 15:20:59 [sweeper.paper] INFO:     gamma: 160 remaining
2026-09-08 15:20:59 [sweeper.paper] INFO:     api_key: 64 remaining
2026-09-08 15:20:59 [sweeper.paper] INFO:     relayer: 16 remaining
2026-09-08 15:20:59 [sweeper.paper] INFO:   Gas: 10.0 POL | Low: False
2026-09-08 15:20:59 [sweeper.reconcile] INFO: Position reconciliation: 0 positions, 0 real, 0 phantoms
2026-09-08 15:20:59 [sweeper.paper] INFO:   [RECONCILE] 0 pos, 0 phantoms
2026-09-08 15:20:59 [sweeper.paper] INFO:   [EXPOSURE] Pos: $0 | Resting: $178.2 | Total: $178.2 | Max: $2000.0
2026-09-08 15:20:59 [sweeper.paper] INFO: 
2026-09-08 15:20:59 [sweeper.paper] INFO: ========================================================================
2026-09-08 15:20:59 [sweeper.paper] INFO:   FINAL SUMMARY
2026-09-08 15:20:59 [sweeper.paper] INFO: ========================================================================
2026-09-08 15:20:59 [sweeper.paper] INFO:   Cycles: 3 | Trades: 15 | Wins: 11
2026-09-08 15:20:59 [sweeper.paper] INFO:   Win rate: 73.3%
2026-09-08 15:20:59 [sweeper.paper] INFO:   NOTE: Win rate is simulated via random probabilities, not historically replayed.
2026-09-08 15:20:59 [sweeper.paper] INFO:   Maker fills: 8 (zero fees) | Taker fills: 0
2026-09-08 15:20:59 [sweeper.paper] INFO:   Rejected: 0 | Resting: 6 | Expired: 2 | Partial: 3 | Ghost: 2
2026-09-08 15:20:59 [sweeper.paper] INFO:   Cumulative PnL: $3.6800 | Daily PnL: $3.6800
2026-09-08 15:20:59 [sweeper.paper] INFO:   True PnL (scoreboard): $3.6800
2026-09-08 15:20:59 [sweeper.paper] INFO:   Total recycled: $920.00 pUSD | Recycles: 11
2026-09-08 15:20:59 [sweeper.paper] INFO:   Kill switch: False | 429s: 0/3
2026-09-08 15:20:59 [sweeper.paper] INFO:     order: 25 remaining
2026-09-08 15:20:59 [sweeper.paper] INFO:     book: 160 remaining
2026-09-08 15:20:59 [sweeper.paper] INFO:     gamma: 160 remaining
2026-09-08 15:20:59 [sweeper.paper] INFO:     api_key: 64 remaining
2026-09-08 15:20:59 [sweeper.paper] INFO:     relayer: 16 remaining
2026-09-08 15:20:59 [sweeper.paper] INFO:   Gas: 10.0 POL | Worked markets: 15
2026-09-08 15:20:59 [sweeper.paper] INFO:   Main Log: /buildkite/builds/fo3s0a7oab75c-1/vetrivelkick/sweeper-bot-fixes/repo/logs/paper_main_20260908_152059.log
2026-09-08 15:20:59 [sweeper.paper] INFO:   Trade Log: /buildkite/builds/fo3s0a7oab75c-1/vetrivelkick/sweeper-bot-fixes/repo/logs/paper_trades_20260908_152059.log
2026-09-08 15:20:59 [sweeper.paper] INFO:   Trade JSON: /buildkite/builds/fo3s0a7oab75c-1/vetrivelkick/sweeper-bot-fixes/repo/logs/paper_trades_20260908_152059.json
2026-09-08 15:20:59 [sweeper.paper] INFO:   Summary JSON: /buildkite/builds/fo3s0a7oab75c-1/vetrivelkick/sweeper-bot-fixes/repo/logs/paper_summary_20260908_152059.json
2026-09-08 15:20:59 [sweeper.paper] INFO:   Metrics JSON: /buildkite/builds/fo3s0a7oab75c-1/vetrivelkick/sweeper-bot-fixes/repo/logs/metrics_20260908_152059.json
2026-09-08 15:20:59 [sweeper.paper] INFO: ========================================================================
2026-09-08 15:20:59 [sweeper.ledger] INFO: [LEDGER] Dumped 99 entries to logs/ledger_20260908_152059.json
2026-09-08 15:20:59 [sweeper.paper] INFO: ============================================================
2026-09-08 15:20:59 [sweeper.paper] INFO:   DOUBLE-ENTRY LEDGER SUMMARY
2026-09-08 15:20:59 [sweeper.paper] INFO: ============================================================
2026-09-08 15:20:59 [sweeper.paper] INFO:   Total Entries:    99
2026-09-08 15:20:59 [sweeper.paper] INFO:   Unique Trades:   11
2026-09-08 15:20:59 [sweeper.paper] INFO:   Total Debits:     $1836.3200
2026-09-08 15:20:59 [sweeper.paper] INFO:   Total Credits:    $1836.3200
2026-09-08 15:20:59 [sweeper.paper] INFO:   Balanced:         True (diff: $0.000000)
2026-09-08 15:20:59 [sweeper.paper] INFO: 
2026-09-08 15:20:59 [sweeper.paper] INFO:   USDC Balance:     $3.6800
2026-09-08 15:20:59 [sweeper.paper] INFO:   Position Cost:    $0.0000
2026-09-08 15:20:59 [sweeper.paper] INFO:   Fees Paid:        $0.0000
2026-09-08 15:20:59 [sweeper.paper] INFO:   Gas Paid:         $0.9200
2026-09-08 15:20:59 [sweeper.paper] INFO:   Gross Income:     $4.6000
2026-09-08 15:20:59 [sweeper.paper] INFO:   Net PnL:         $3.6800  (Income - Gas - Fees)
2026-09-08 15:20:59 [sweeper.paper] INFO:   Total Recycled:   $920.0000  (11 recycles)
2026-09-08 15:20:59 [sweeper.paper] INFO: ============================================================
2026-09-08 15:20:59 [sweeper.metrics] INFO: [METRICS] Exported to /buildkite/builds/fo3s0a7oab75c-1/vetrivelkick/sweeper-bot-fixes/repo/logs/metrics_20260908_152059.json
2026-09-08 15:20:59 [sweeper.paper] INFO: ============================================================
2026-09-08 15:20:59 [sweeper.paper] INFO:   METRICS SUMMARY
2026-09-08 15:20:59 [sweeper.paper] INFO: ============================================================
2026-09-08 15:20:59 [sweeper.paper] INFO:   trades_total              15
2026-09-08 15:20:59 [sweeper.paper] INFO:   trades_won                11
2026-09-08 15:20:59 [sweeper.paper] INFO:   trades_rejected           0
2026-09-08 15:20:59 [sweeper.paper] INFO:   maker_fills               8
2026-09-08 15:20:59 [sweeper.paper] INFO:   taker_fills               0
2026-09-08 15:20:59 [sweeper.paper] INFO:   ghost_fills               2
2026-09-08 15:20:59 [sweeper.paper] INFO:   expired_orders            2
2026-09-08 15:20:59 [sweeper.paper] INFO:   partial_fills             3
2026-09-08 15:20:59 [sweeper.paper] INFO:   kill_switch_trips         0
2026-09-08 15:20:59 [sweeper.paper] INFO:   exposure_breaches         0
2026-09-08 15:20:59 [sweeper.paper] INFO:   rate_limit_429s           0
2026-09-08 15:20:59 [sweeper.paper] INFO:   rate_limit_425s           0
2026-09-08 15:20:59 [sweeper.paper] INFO:   recycle_count             11
2026-09-08 15:20:59 [sweeper.paper] INFO:   rejections_post_only      0
2026-09-08 15:20:59 [sweeper.paper] INFO:   rejections_cancel_only    0
2026-09-08 15:20:59 [sweeper.paper] INFO:   rpc_errors                0
2026-09-08 15:20:59 [sweeper.paper] INFO:   ws_reconnects             0
2026-09-08 15:20:59 [sweeper.paper] INFO:   fill_matched_offchain     0
2026-09-08 15:20:59 [sweeper.paper] INFO:   fill_trade_pending        0
2026-09-08 15:20:59 [sweeper.paper] INFO:   fill_confirmed            0
2026-09-08 15:20:59 [sweeper.paper] INFO:   block_confirmations       0
2026-09-08 15:20:59 [sweeper.paper] INFO:   per_market_exposure_breaches 0
2026-09-08 15:20:59 [sweeper.paper] INFO:   health_checks             3
2026-09-08 15:20:59 [sweeper.paper] INFO: 
2026-09-08 15:20:59 [sweeper.paper] INFO:   pnl_cumulative            3.68
2026-09-08 15:20:59 [sweeper.paper] INFO:   pnl_daily                 3.68
2026-09-08 15:20:59 [sweeper.paper] INFO:   gas_balance_pol           10.0
2026-09-08 15:20:59 [sweeper.paper] INFO:   resting_orders            6
2026-09-08 15:20:59 [sweeper.paper] INFO:   reserved_collateral       178.2
2026-09-08 15:20:59 [sweeper.paper] INFO:   total_exposure            178.2
2026-09-08 15:20:59 [sweeper.paper] INFO:   total_recycled            920.0
2026-09-08 15:20:59 [sweeper.paper] INFO:   consecutive_losses        0
2026-09-08 15:20:59 [sweeper.paper] INFO:   ghost_fill_rate           13.333333333333334
2026-09-08 15:20:59 [sweeper.paper] INFO:   win_rate                  73.33333333333333
2026-09-08 15:20:59 [sweeper.paper] INFO:   uptime_seconds            0.37499070167541504
2026-09-08 15:20:59 [sweeper.paper] INFO:   per_market_exposure       0.0
2026-09-08 15:20:59 [sweeper.paper] INFO:   health_status             0
2026-09-08 15:20:59 [sweeper.paper] INFO:   ws_connected              0.0
2026-09-08 15:20:59 [sweeper.paper] INFO:   ws_reconnect_count        0.0
2026-09-08 15:20:59 [sweeper.paper] INFO:   block_confirmation_depth  0.0
2026-09-08 15:20:59 [sweeper.paper] INFO: 
2026-09-08 15:20:59 [sweeper.paper] INFO:   Alerts: 0
2026-09-08 15:20:59 [sweeper.paper] INFO: ============================================================
2026-09-08 15:20:59 [sweeper.paper] INFO: ========================================================================
2026-09-08 15:20:59 [sweeper.paper] INFO:   PAPER TRADING COMPLETE
2026-09-08 15:20:59 [sweeper.paper] INFO: ========================================================================
2026-09-08 15:20:59 [sweeper.paper] INFO:   Exported 15 trade records to JSON
2026-09-08 15:20:59 [sweeper.paper] INFO:   Exported 15 trade records to CSV
2026-09-08 15:20:59 [sweeper.paper] INFO:   Avg PnL/Trade: $0.2453 | Max Drawdown: $0.0000
2026-09-08 15:20:59 [sweeper.paper] INFO:   Max Win Streak: 11 | Max Loss Streak: 0
