========================================================================
  SWEEPER BOT V2 - ADVANCED PAPER TRADING ENGINE
========================================================================
  Mode:            PAPER
  Buy Price:       $0.99
  Order Method:    GTC POST-ONLY MAKER (zero fees)
  Taker Fallback:  DISABLED
  Fill Prob:       35%
  Partial Prob:    25%
  Ghost Prob:      5%
  Expire Prob:     35%
  Gas Cost:        $0.001/share
  Loser Max:       $0.005/share
  Maker Edge:     $0.004000/share
  Taker Edge:     $0.003604/share
  Resting Timeout: 120s
  Max Loss/Day:   $50.0
  Max Exposure:   $2000.0
  Cycles:         3
  Max Sweeps/Cycle: 5
  Main Log:        /buildkite/builds/0quqpebm6876o-1/vetrivelkick/sweeper-bot-fixes/repo/logs/paper_main_20260908_113305.log
  Trade Log:      /buildkite/builds/0quqpebm6876o-1/vetrivelkick/sweeper-bot-fixes/repo/logs/paper_trades_20260908_113305.log
========================================================================

[PREFLIGHT] Running pre-flight checks...
  OK: Config validation passed
  OK: Paper mode - geoblock check skipped
  OK: Paper mode enabled - wallet checks skipped
  OK: Alert system (logging to file)
  OK: State file directory writable
  OK: Buy price 0.99 in valid range
  OK: Maker edge $0.004000/share (zero fees)
  OK: Taker edge $0.003604/share (if fallback used)
  OK: GTC post-only maker mode (PREFER_MAKER=True)
  OK: Taker fallback disabled
  WARN: SDK version check skipped: No package metadata was found for py-clob-client-v2
  OK: Paper mode - SDK import check skipped
  OK: Paper mode - SDK method check skipped
  OK: OK: Economics config valid
[PREFLIGHT] PASSED
[GAS] 10.0 POL | Floor: 0.5

[RATE LIMITS] Initial budget:
  order: 40
  book: 160
  gamma: 160
  api_key: 64
  relayer: 16

========================================================================
  CYCLE 1
========================================================================

[DISCOVERY] Fetching live markets from Gamma API...
[DISCOVERY] Found 100 candidate markets

[MARKET DATA] Top 5 candidates:
  1. LoL: Invictus Gaming vs LGD Gaming (BO5) - LPL Playoffs
     Vol: $2,033,338 | YES=0.9995 | NO=0.0005 | Score: 2032320.8916 | Cat: other
  2. LoL: Invictus Gaming vs LGD Gaming - Game 2 Winner
     Vol: $1,364,013 | YES=0.9995 | NO=0.0005 | Score: 1363330.5821 | Cat: other
  3. LoL: Invictus Gaming vs LGD Gaming - Game 1 Winner
     Vol: $858,421 | YES=0.9995 | NO=0.0005 | Score: 857991.9484 | Cat: other
  4. Israel closes its airspace by September 30?
     Vol: $844,539 | YES=0.9605 | NO=0.0395 | Score: 811179.9285 | Cat: other
  5. LoL: Invictus Gaming vs LGD Gaming - Game 3 Winner
     Vol: $803,659 | YES=0.9995 | NO=0.0005 | Score: 803256.8425 | Cat: other

[DETECTION] Running resolution detection...
[DETECTION] 40 sweepable markets

[PRICE ACTION] Sweepable markets:
  1. LoL: Invictus Gaming vs LGD Gaming (BO5) - LPL Playoffs
     Win: YES @ 0.9995 | Lose @ 0.0005 | Spread: 0.9990
     Certainty: 1 | Confidence: 99.95% | Reason: Price hint 0.9995 >= 0.999 (secondary only)
     Category: other | Taker Fee Rate: 0.05 | Maker Fee: $0 (ZERO)
  2. LoL: Invictus Gaming vs LGD Gaming - Game 2 Winner
     Win: YES @ 0.9995 | Lose @ 0.0005 | Spread: 0.9990
     Certainty: 1 | Confidence: 99.95% | Reason: Price hint 0.9995 >= 0.999 (secondary only)
     Category: other | Taker Fee Rate: 0.05 | Maker Fee: $0 (ZERO)
  3. Will the Fed decrease interest rates by 25 bps after the Sep
     Win: NO @ 0.9945 | Lose @ 0.0055 | Spread: 0.9890
     Certainty: 1 | Confidence: 99.45% | Reason: Price hint 0.9945 >= 0.99 (secondary only)
     Category: finance | Taker Fee Rate: 0.04 | Maker Fee: $0 (ZERO)
  4. LoL: Invictus Gaming vs LGD Gaming - Game 1 Winner
     Win: YES @ 0.9995 | Lose @ 0.0005 | Spread: 0.9990
     Certainty: 1 | Confidence: 99.95% | Reason: Price hint 0.9995 >= 0.999 (secondary only)
     Category: other | Taker Fee Rate: 0.05 | Maker Fee: $0 (ZERO)
  5. LoL: Invictus Gaming vs LGD Gaming - Game 3 Winner
     Win: YES @ 0.9995 | Lose @ 0.0005 | Spread: 0.9990
     Certainty: 1 | Confidence: 99.95% | Reason: Price hint 0.9995 >= 0.999 (secondary only)
     Category: other | Taker Fee Rate: 0.05 | Maker Fee: $0 (ZERO)
  6. Will Glenn Youngkin win the 2028 US Presidential Election?
     Win: NO @ 0.9985 | Lose @ 0.0015 | Spread: 0.9970
     Certainty: 1 | Confidence: 99.85% | Reason: Price hint 0.9985 >= 0.99 (secondary only)
     Category: politics | Taker Fee Rate: 0.04 | Maker Fee: $0 (ZERO)
  7. Will Shakhtar Donetsk win the 2026-27 UEFA Champions League 
     Win: NO @ 0.9985 | Lose @ 0.0015 | Spread: 0.9970
     Certainty: 1 | Confidence: 99.85% | Reason: Price hint 0.9985 >= 0.99 (secondary only)
     Category: sports | Taker Fee Rate: 0.05 | Maker Fee: $0 (ZERO)
  8. Will the Fed decrease interest rates by 50+ bps after the Se
     Win: NO @ 0.9985 | Lose @ 0.0015 | Spread: 0.9970
     Certainty: 1 | Confidence: 99.85% | Reason: Price hint 0.9985 >= 0.99 (secondary only)
     Category: finance | Taker Fee Rate: 0.04 | Maker Fee: $0 (ZERO)
  9. Counter-Strike: BIG vs BetBoom Team (BO3) - FISSURE PLAYGROU
     Win: NO @ 0.9995 | Lose @ 0.0005 | Spread: 0.9990
     Certainty: 1 | Confidence: 99.95% | Reason: Price hint 0.9995 >= 0.999 (secondary only)
     Category: other | Taker Fee Rate: 0.05 | Maker Fee: $0 (ZERO)
  10. Will RB Leipzig win the 2026-27 UEFA Champions League Champi
     Win: NO @ 0.9935 | Lose @ 0.0065 | Spread: 0.9870
     Certainty: 1 | Confidence: 99.35% | Reason: Price hint 0.9935 >= 0.99 (secondary only)
     Category: sports | Taker Fee Rate: 0.05 | Maker Fee: $0 (ZERO)

------------------------------------------------------------------------
  TRADE #1 - CYCLE 1
------------------------------------------------------------------------

+-  MARKET --------------------------------------------------------------+
  Question             LoL: Invictus Gaming vs LGD Gaming (BO5) - LPL Playoffs
  Condition            0xd23bf61367002265932ce5ae32052aac970c889da8518a24...
  Category             other
  End Date             2026-09-08T15:00:00Z
  Neg Risk             False
+------------------------------------------------------------------------+

+-  PRICE ACTION --------------------------------------------------------+
  Winning Side         YES @ $0.9995
  Losing Side          NO @ $0.0005
  Spread               0.9990
  Certainty            1 (99.95%)
  Detection            Price hint 0.9995 >= 0.999 (secondary only)

  Best Ask             N/A
  Best Bid             N/A
  Asks                 0
  Bids                 0
  Book Depth           0 orders
  Taker Fee Rate       0.05
  Maker Fee            $0 (ZERO)
+------------------------------------------------------------------------+

+-  ORDER EXECUTION -----------------------------------------------------+
  Method               GTC POST-ONLY MAKER (zero fees)
  Entry Plan           maker bid at buy_price
  Order Type           GTC (post-only)
  Side                 BUY
  Size                 100 shares
  Price                $0.99
  Tick Size            0.01
+------------------------------------------------------------------------+

+-  FILL SIMULATION -----------------------------------------------------+
  Result               [~] PARTIAL FILL
  Filled Shares        40 / 100
  Fill Price           $0.99
  TX Hash              paper_tx_1788867185
  Status               PARTIAL
+------------------------------------------------------------------------+

+-  PNL BREAKDOWN -------------------------------------------------------+
  Order Type           GTC MAKER
  Gross Edge           +$0.4000  (40 x ($1.00 - $0.99))
  Fee                  $0.0000  (ZERO - MAKER)
  Loser Cost           -$0.2000  (40 x $0.005)
  Gas Cost             -$0.0400  (40 x $0.001)

  Net PnL              +$0.1600
  Cumulative           $0.1600
  Daily                $0.1600 / Max: $50.0
  Win Rate             1/1 = 100.0%
+------------------------------------------------------------------------+

+-  SETTLEMENT (CAPITAL RECYCLE) ----------------------------------------+
  Loser Buy            $0.005/share
  Merge                40 YES + 40 NO -> 40 pUSD
  Adapter              CtfCollateralAdapter
  Recycle              FAILED - Complementary buy failed (paper)
  Recovered            $40.00 pUSD
  Loser Cost           $0.2000
+------------------------------------------------------------------------+

  [OK] TRADE #1 COMPLETE - MAKER (ZERO FEES)
      Net PnL: +$0.1600 | Cumulative: $0.1600
------------------------------------------------------------------------

------------------------------------------------------------------------
  TRADE #2 - CYCLE 1
------------------------------------------------------------------------

+-  MARKET --------------------------------------------------------------+
  Question             LoL: Invictus Gaming vs LGD Gaming - Game 2 Winner
  Condition            0x38bc01bb27a6161ec1c3faf41c68826c939b3e64385c608f...
  Category             other
  End Date             2026-09-08T13:00:00Z
  Neg Risk             False
+------------------------------------------------------------------------+

+-  PRICE ACTION --------------------------------------------------------+
  Winning Side         YES @ $0.9995
  Losing Side          NO @ $0.0005
  Spread               0.9990
  Certainty            1 (99.95%)
  Detection            Price hint 0.9995 >= 0.999 (secondary only)

  Best Ask             N/A
  Best Bid             N/A
  Asks                 0
  Bids                 0
  Book Depth           0 orders
  Taker Fee Rate       0.05
  Maker Fee            $0 (ZERO)
+------------------------------------------------------------------------+

+-  ORDER EXECUTION -----------------------------------------------------+
  Method               GTC POST-ONLY MAKER (zero fees)
  Entry Plan           maker bid at buy_price
  Order Type           GTC (post-only)
  Side                 BUY
  Size                 100 shares
  Price                $0.99
  Tick Size            0.01
+------------------------------------------------------------------------+

+-  FILL SIMULATION -----------------------------------------------------+
  Result               [OK] MAKER FILL (zero fees)
  Filled Shares        100
  Fill Price           $0.99
  TX Hash              paper_tx_1788867185
  On-Chain             True
  Status               FILLED
+------------------------------------------------------------------------+

+-  PNL BREAKDOWN -------------------------------------------------------+
  Order Type           GTC MAKER
  Gross Edge           +$1.0000  (100 x ($1.00 - $0.99))
  Fee                  $0.0000  (ZERO - MAKER)
  Loser Cost           -$0.5000  (100 x $0.005)
  Gas Cost             -$0.1000  (100 x $0.001)

  Net PnL              +$0.4000
  Cumulative           $0.5600
  Daily                $0.5600 / Max: $50.0
  Win Rate             2/2 = 100.0%
+------------------------------------------------------------------------+

+-  SETTLEMENT (CAPITAL RECYCLE) ----------------------------------------+
  Loser Buy            $0.005/share
  Merge                100 YES + 100 NO -> 100 pUSD
  Adapter              CtfCollateralAdapter
  Recycle              FAILED - Complementary buy failed (paper)
  Recovered            $100.00 pUSD
  Loser Cost           $0.5000
+------------------------------------------------------------------------+

  [OK] TRADE #2 COMPLETE - MAKER (ZERO FEES)
      Net PnL: +$0.4000 | Cumulative: $0.5600
------------------------------------------------------------------------

------------------------------------------------------------------------
  TRADE #3 - CYCLE 1
------------------------------------------------------------------------

+-  MARKET --------------------------------------------------------------+
  Question             Will the Fed decrease interest rates by 25 bps after the Septembe
  Condition            0xac02cbb049e46d6a3627c0fdf52fa554982a9025d4596820...
  Category             finance
  End Date             2026-09-16T00:00:00Z
  Neg Risk             True
+------------------------------------------------------------------------+

+-  PRICE ACTION --------------------------------------------------------+
  Winning Side         NO @ $0.9945
  Losing Side          YES @ $0.0055
  Spread               0.9890
  Certainty            1 (99.45%)
  Detection            Price hint 0.9945 >= 0.99 (secondary only)

  Best Ask             N/A
  Best Bid             N/A
  Asks                 0
  Bids                 0
  Book Depth           0 orders
  Taker Fee Rate       0.04
  Maker Fee            $0 (ZERO)
+------------------------------------------------------------------------+

+-  ORDER EXECUTION -----------------------------------------------------+
  Method               GTC POST-ONLY MAKER (zero fees)
  Entry Plan           maker bid at buy_price
  Order Type           GTC (post-only)
  Side                 BUY
  Size                 100 shares
  Price                $0.99
  Tick Size            0.01
+------------------------------------------------------------------------+

+-  FILL SIMULATION -----------------------------------------------------+
  Result               [~] PARTIAL FILL
  Filled Shares        40 / 100
  Fill Price           $0.99
  TX Hash              paper_tx_1788867185
  Status               PARTIAL
+------------------------------------------------------------------------+

+-  PNL BREAKDOWN -------------------------------------------------------+
  Order Type           GTC MAKER
  Gross Edge           +$0.4000  (40 x ($1.00 - $0.99))
  Fee                  $0.0000  (ZERO - MAKER)
  Loser Cost           -$0.2000  (40 x $0.005)
  Gas Cost             -$0.0400  (40 x $0.001)

  Net PnL              +$0.1600
  Cumulative           $0.7200
  Daily                $0.7200 / Max: $50.0
  Win Rate             3/3 = 100.0%
+------------------------------------------------------------------------+

+-  SETTLEMENT (CAPITAL RECYCLE) ----------------------------------------+
  Loser Buy            $0.005/share
  Merge                40 YES + 40 NO -> 40 pUSD
  Adapter              NegRiskCtfCollateralAdapter
  Recycle              FAILED - Complementary buy failed (paper)
  Recovered            $40.00 pUSD
  Loser Cost           $0.2000
+------------------------------------------------------------------------+

  [OK] TRADE #3 COMPLETE - MAKER (ZERO FEES)
      Net PnL: +$0.1600 | Cumulative: $0.7200
------------------------------------------------------------------------

------------------------------------------------------------------------
  TRADE #4 - CYCLE 1
------------------------------------------------------------------------

+-  MARKET --------------------------------------------------------------+
  Question             LoL: Invictus Gaming vs LGD Gaming - Game 1 Winner
  Condition            0xd9939a4e16553228965d42077fc7c1cb5e3d57fc7f6d0d9a...
  Category             other
  End Date             2026-09-08T13:00:00Z
  Neg Risk             False
+------------------------------------------------------------------------+

+-  PRICE ACTION --------------------------------------------------------+
  Winning Side         YES @ $0.9995
  Losing Side          NO @ $0.0005
  Spread               0.9990
  Certainty            1 (99.95%)
  Detection            Price hint 0.9995 >= 0.999 (secondary only)

  Best Ask             N/A
  Best Bid             N/A
  Asks                 0
  Bids                 0
  Book Depth           0 orders
  Taker Fee Rate       0.05
  Maker Fee            $0 (ZERO)
+------------------------------------------------------------------------+

+-  ORDER EXECUTION -----------------------------------------------------+
  Method               GTC POST-ONLY MAKER (zero fees)
  Entry Plan           maker bid at buy_price
  Order Type           GTC (post-only)
  Side                 BUY
  Size                 100 shares
  Price                $0.99
  Tick Size            0.01
+------------------------------------------------------------------------+

+-  FILL SIMULATION -----------------------------------------------------+
  Result               [OK] MAKER FILL (zero fees)
  Filled Shares        100
  Fill Price           $0.99
  TX Hash              paper_tx_1788867185
  On-Chain             True
  Status               FILLED
+------------------------------------------------------------------------+

+-  PNL BREAKDOWN -------------------------------------------------------+
  Order Type           GTC MAKER
  Gross Edge           +$1.0000  (100 x ($1.00 - $0.99))
  Fee                  $0.0000  (ZERO - MAKER)
  Loser Cost           -$0.5000  (100 x $0.005)
  Gas Cost             -$0.1000  (100 x $0.001)

  Net PnL              +$0.4000
  Cumulative           $1.1200
  Daily                $1.1200 / Max: $50.0
  Win Rate             4/4 = 100.0%
+------------------------------------------------------------------------+

+-  SETTLEMENT (CAPITAL RECYCLE) ----------------------------------------+
  Loser Buy            $0.005/share
  Merge                100 YES + 100 NO -> 100 pUSD
  Adapter              CtfCollateralAdapter
  Recycle              FAILED - Complementary buy failed (paper)
  Recovered            $100.00 pUSD
  Loser Cost           $0.5000
+------------------------------------------------------------------------+

  [OK] TRADE #4 COMPLETE - MAKER (ZERO FEES)
      Net PnL: +$0.4000 | Cumulative: $1.1200
------------------------------------------------------------------------

------------------------------------------------------------------------
  TRADE #5 - CYCLE 1
------------------------------------------------------------------------

+-  MARKET --------------------------------------------------------------+
  Question             LoL: Invictus Gaming vs LGD Gaming - Game 3 Winner
  Condition            0x6fa0932fe4dcdc7dc1025fe736807365fe639b32606b6c6d...
  Category             other
  End Date             2026-09-08T14:00:00Z
  Neg Risk             False
+------------------------------------------------------------------------+

+-  PRICE ACTION --------------------------------------------------------+
  Winning Side         YES @ $0.9995
  Losing Side          NO @ $0.0005
  Spread               0.9990
  Certainty            1 (99.95%)
  Detection            Price hint 0.9995 >= 0.999 (secondary only)

  Best Ask             N/A
  Best Bid             N/A
  Asks                 0
  Bids                 0
  Book Depth           0 orders
  Taker Fee Rate       0.05
  Maker Fee            $0 (ZERO)
+------------------------------------------------------------------------+

+-  ORDER EXECUTION -----------------------------------------------------+
  Method               GTC POST-ONLY MAKER (zero fees)
  Entry Plan           maker bid at buy_price
  Order Type           GTC (post-only)
  Side                 BUY
  Size                 100 shares
  Price                $0.99
  Tick Size            0.01
+------------------------------------------------------------------------+

+-  FILL SIMULATION -----------------------------------------------------+
  Result               [OK] MAKER FILL (zero fees)
  Filled Shares        100
  Fill Price           $0.99
  TX Hash              paper_tx_1788867185
  On-Chain             True
  Status               FILLED
+------------------------------------------------------------------------+

+-  PNL BREAKDOWN -------------------------------------------------------+
  Order Type           GTC MAKER
  Gross Edge           +$1.0000  (100 x ($1.00 - $0.99))
  Fee                  $0.0000  (ZERO - MAKER)
  Loser Cost           -$0.5000  (100 x $0.005)
  Gas Cost             -$0.1000  (100 x $0.001)

  Net PnL              +$0.4000
  Cumulative           $1.5200
  Daily                $1.5200 / Max: $50.0
  Win Rate             5/5 = 100.0%
+------------------------------------------------------------------------+

+-  SETTLEMENT (CAPITAL RECYCLE) ----------------------------------------+
  Loser Buy            $0.005/share
  Merge                100 YES + 100 NO -> 100 pUSD
  Adapter              CtfCollateralAdapter
  Recycle              FAILED - Complementary buy failed (paper)
  Recovered            $100.00 pUSD
  Loser Cost           $0.5000
+------------------------------------------------------------------------+

  [OK] TRADE #5 COMPLETE - MAKER (ZERO FEES)
      Net PnL: +$0.4000 | Cumulative: $1.5200
------------------------------------------------------------------------

========================================================================
  CYCLE 1 SUMMARY
========================================================================
  Sweeps: 5 | Time: 0.12s | PnL: $1.5200 | Daily: $1.5200
  Trades: 5 | Win: 5/5 = 100.0%
  Maker: 3 (zero fees) | Taker: 0 | Rejected: 0
  Resting: 3 | Expired: 0 | Partial: 2 | Ghost: 0
    order: 35 remaining
    book: 160 remaining
    gamma: 160 remaining
    api_key: 64 remaining
    relayer: 16 remaining
  Gas: 10.0 POL | Low: False
  [RECONCILE] 0 pos, 0 phantoms
  [EXPOSURE] Pos: $0 | Resting: $118.8 | Total: $118.8 | Max: $2000.0

========================================================================
  CYCLE 2
========================================================================

[DISCOVERY] Fetching live markets from Gamma API...
[DISCOVERY] Found 100 candidate markets

[MARKET DATA] Top 5 candidates:
  1. LoL: Invictus Gaming vs LGD Gaming (BO5) - LPL Playoffs
     Vol: $2,033,338 | YES=0.9995 | NO=0.0005 | Score: 2032320.8916 | Cat: other
  2. LoL: Invictus Gaming vs LGD Gaming - Game 2 Winner
     Vol: $1,364,013 | YES=0.9995 | NO=0.0005 | Score: 1363330.5821 | Cat: other
  3. LoL: Invictus Gaming vs LGD Gaming - Game 1 Winner
     Vol: $858,421 | YES=0.9995 | NO=0.0005 | Score: 857991.9484 | Cat: other
  4. Israel closes its airspace by September 30?
     Vol: $844,539 | YES=0.9605 | NO=0.0395 | Score: 811179.9285 | Cat: other
  5. LoL: Invictus Gaming vs LGD Gaming - Game 3 Winner
     Vol: $803,659 | YES=0.9995 | NO=0.0005 | Score: 803256.8425 | Cat: other

[DETECTION] Running resolution detection...
[DETECTION] 40 sweepable markets

[PRICE ACTION] Sweepable markets:
  1. LoL: Invictus Gaming vs LGD Gaming (BO5) - LPL Playoffs
     Win: YES @ 0.9995 | Lose @ 0.0005 | Spread: 0.9990
     Certainty: 1 | Confidence: 99.95% | Reason: Price hint 0.9995 >= 0.999 (secondary only)
     Category: other | Taker Fee Rate: 0.05 | Maker Fee: $0 (ZERO)
  2. LoL: Invictus Gaming vs LGD Gaming - Game 2 Winner
     Win: YES @ 0.9995 | Lose @ 0.0005 | Spread: 0.9990
     Certainty: 1 | Confidence: 99.95% | Reason: Price hint 0.9995 >= 0.999 (secondary only)
     Category: other | Taker Fee Rate: 0.05 | Maker Fee: $0 (ZERO)
  3. Will the Fed decrease interest rates by 25 bps after the Sep
     Win: NO @ 0.9945 | Lose @ 0.0055 | Spread: 0.9890
     Certainty: 1 | Confidence: 99.45% | Reason: Price hint 0.9945 >= 0.99 (secondary only)
     Category: finance | Taker Fee Rate: 0.04 | Maker Fee: $0 (ZERO)
  4. LoL: Invictus Gaming vs LGD Gaming - Game 1 Winner
     Win: YES @ 0.9995 | Lose @ 0.0005 | Spread: 0.9990
     Certainty: 1 | Confidence: 99.95% | Reason: Price hint 0.9995 >= 0.999 (secondary only)
     Category: other | Taker Fee Rate: 0.05 | Maker Fee: $0 (ZERO)
  5. LoL: Invictus Gaming vs LGD Gaming - Game 3 Winner
     Win: YES @ 0.9995 | Lose @ 0.0005 | Spread: 0.9990
     Certainty: 1 | Confidence: 99.95% | Reason: Price hint 0.9995 >= 0.999 (secondary only)
     Category: other | Taker Fee Rate: 0.05 | Maker Fee: $0 (ZERO)
  6. Will Glenn Youngkin win the 2028 US Presidential Election?
     Win: NO @ 0.9985 | Lose @ 0.0015 | Spread: 0.9970
     Certainty: 1 | Confidence: 99.85% | Reason: Price hint 0.9985 >= 0.99 (secondary only)
     Category: politics | Taker Fee Rate: 0.04 | Maker Fee: $0 (ZERO)
  7. Will Shakhtar Donetsk win the 2026-27 UEFA Champions League 
     Win: NO @ 0.9985 | Lose @ 0.0015 | Spread: 0.9970
     Certainty: 1 | Confidence: 99.85% | Reason: Price hint 0.9985 >= 0.99 (secondary only)
     Category: sports | Taker Fee Rate: 0.05 | Maker Fee: $0 (ZERO)
  8. Will the Fed decrease interest rates by 50+ bps after the Se
     Win: NO @ 0.9985 | Lose @ 0.0015 | Spread: 0.9970
     Certainty: 1 | Confidence: 99.85% | Reason: Price hint 0.9985 >= 0.99 (secondary only)
     Category: finance | Taker Fee Rate: 0.04 | Maker Fee: $0 (ZERO)
  9. Counter-Strike: BIG vs BetBoom Team (BO3) - FISSURE PLAYGROU
     Win: NO @ 0.9995 | Lose @ 0.0005 | Spread: 0.9990
     Certainty: 1 | Confidence: 99.95% | Reason: Price hint 0.9995 >= 0.999 (secondary only)
     Category: other | Taker Fee Rate: 0.05 | Maker Fee: $0 (ZERO)
  10. Will RB Leipzig win the 2026-27 UEFA Champions League Champi
     Win: NO @ 0.9935 | Lose @ 0.0065 | Spread: 0.9870
     Certainty: 1 | Confidence: 99.35% | Reason: Price hint 0.9935 >= 0.99 (secondary only)
     Category: sports | Taker Fee Rate: 0.05 | Maker Fee: $0 (ZERO)

------------------------------------------------------------------------
  TRADE #6 - CYCLE 2
------------------------------------------------------------------------

+-  MARKET --------------------------------------------------------------+
  Question             Will Glenn Youngkin win the 2028 US Presidential Election?
  Condition            0xc4435df23facee8c4cd86090310c7835c2a0425646b2588b...
  Category             politics
  End Date             2028-11-07T00:00:00Z
  Neg Risk             True
+------------------------------------------------------------------------+

+-  PRICE ACTION --------------------------------------------------------+
  Winning Side         NO @ $0.9985
  Losing Side          YES @ $0.0015
  Spread               0.9970
  Certainty            1 (99.85%)
  Detection            Price hint 0.9985 >= 0.99 (secondary only)

  Best Ask             N/A
  Best Bid             N/A
  Asks                 0
  Bids                 0
  Book Depth           0 orders
  Taker Fee Rate       0.04
  Maker Fee            $0 (ZERO)
+------------------------------------------------------------------------+

+-  ORDER EXECUTION -----------------------------------------------------+
  Method               GTC POST-ONLY MAKER (zero fees)
  Entry Plan           maker bid at buy_price
  Order Type           GTC (post-only)
  Side                 BUY
  Size                 100 shares
  Price                $0.99
  Tick Size            0.01
+------------------------------------------------------------------------+

+-  FILL SIMULATION -----------------------------------------------------+
  Result               [OK] MAKER FILL (zero fees)
  Filled Shares        100
  Fill Price           $0.99
  TX Hash              paper_tx_1788867185
  On-Chain             True
  Status               FILLED
+------------------------------------------------------------------------+

+-  PNL BREAKDOWN -------------------------------------------------------+
  Order Type           GTC MAKER
  Gross Edge           +$1.0000  (100 x ($1.00 - $0.99))
  Fee                  $0.0000  (ZERO - MAKER)
  Loser Cost           -$0.5000  (100 x $0.005)
  Gas Cost             -$0.1000  (100 x $0.001)

  Net PnL              +$0.4000
  Cumulative           $1.9200
  Daily                $1.9200 / Max: $50.0
  Win Rate             6/6 = 100.0%
+------------------------------------------------------------------------+

+-  SETTLEMENT (CAPITAL RECYCLE) ----------------------------------------+
  Loser Buy            $0.005/share
  Merge                100 YES + 100 NO -> 100 pUSD
  Adapter              NegRiskCtfCollateralAdapter
  Recycle              FAILED - Complementary buy failed (paper)
  Recovered            $100.00 pUSD
  Loser Cost           $0.5000
+------------------------------------------------------------------------+

  [OK] TRADE #6 COMPLETE - MAKER (ZERO FEES)
      Net PnL: +$0.4000 | Cumulative: $1.9200
------------------------------------------------------------------------

------------------------------------------------------------------------
  TRADE #7 - CYCLE 2
------------------------------------------------------------------------

+-  MARKET --------------------------------------------------------------+
  Question             Will Shakhtar Donetsk win the 2026-27 UEFA Champions League Champ
  Condition            0xefa17dee3af09f69f9ddf245b969aa4efbe7c71cdf06ee49...
  Category             sports
  End Date             2027-05-30T23:59:00Z
  Neg Risk             True
+------------------------------------------------------------------------+

+-  PRICE ACTION --------------------------------------------------------+
  Winning Side         NO @ $0.9985
  Losing Side          YES @ $0.0015
  Spread               0.9970
  Certainty            1 (99.85%)
  Detection            Price hint 0.9985 >= 0.99 (secondary only)

  Best Ask             N/A
  Best Bid             N/A
  Asks                 0
  Bids                 0
  Book Depth           0 orders
  Taker Fee Rate       0.05
  Maker Fee            $0 (ZERO)
+------------------------------------------------------------------------+

+-  ORDER EXECUTION -----------------------------------------------------+
  Method               GTC POST-ONLY MAKER (zero fees)
  Entry Plan           maker bid at buy_price
  Order Type           GTC (post-only)
  Side                 BUY
  Size                 100 shares
  Price                $0.99
  Tick Size            0.01
+------------------------------------------------------------------------+

+-  FILL SIMULATION -----------------------------------------------------+
  Result               [~] PARTIAL FILL
  Filled Shares        40 / 100
  Fill Price           $0.99
  TX Hash              paper_tx_1788867185
  Status               PARTIAL
+------------------------------------------------------------------------+

+-  PNL BREAKDOWN -------------------------------------------------------+
  Order Type           GTC MAKER
  Gross Edge           +$0.4000  (40 x ($1.00 - $0.99))
  Fee                  $0.0000  (ZERO - MAKER)
  Loser Cost           -$0.2000  (40 x $0.005)
  Gas Cost             -$0.0400  (40 x $0.001)

  Net PnL              +$0.1600
  Cumulative           $2.0800
  Daily                $2.0800 / Max: $50.0
  Win Rate             7/7 = 100.0%
+------------------------------------------------------------------------+

+-  SETTLEMENT (CAPITAL RECYCLE) ----------------------------------------+
  Loser Buy            $0.005/share
  Merge                40 YES + 40 NO -> 40 pUSD
  Adapter              NegRiskCtfCollateralAdapter
  Recycle              FAILED - Complementary buy failed (paper)
  Recovered            $40.00 pUSD
  Loser Cost           $0.2000
+------------------------------------------------------------------------+

  [OK] TRADE #7 COMPLETE - MAKER (ZERO FEES)
      Net PnL: +$0.1600 | Cumulative: $2.0800
------------------------------------------------------------------------

------------------------------------------------------------------------
  TRADE #8 - CYCLE 2
------------------------------------------------------------------------

+-  MARKET --------------------------------------------------------------+
  Question             Will the Fed decrease interest rates by 50+ bps after the Septemb
  Condition            0x5e464d85eb49f22d876f3ed6168a7db5e2288e9ae1eb91ef...
  Category             finance
  End Date             2026-09-16T00:00:00Z
  Neg Risk             True
+------------------------------------------------------------------------+

+-  PRICE ACTION --------------------------------------------------------+
  Winning Side         NO @ $0.9985
  Losing Side          YES @ $0.0015
  Spread               0.9970
  Certainty            1 (99.85%)
  Detection            Price hint 0.9985 >= 0.99 (secondary only)

  Best Ask             N/A
  Best Bid             N/A
  Asks                 0
  Bids                 0
  Book Depth           0 orders
  Taker Fee Rate       0.04
  Maker Fee            $0 (ZERO)
+------------------------------------------------------------------------+

+-  ORDER EXECUTION -----------------------------------------------------+
  Method               GTC POST-ONLY MAKER (zero fees)
  Entry Plan           maker bid at buy_price
  Order Type           GTC (post-only)
  Side                 BUY
  Size                 100 shares
  Price                $0.99
  Tick Size            0.01
+------------------------------------------------------------------------+

+-  FILL SIMULATION -----------------------------------------------------+
  Result               [~] PARTIAL FILL
  Filled Shares        40 / 100
  Fill Price           $0.99
  TX Hash              paper_tx_1788867185
  Status               PARTIAL
+------------------------------------------------------------------------+

+-  PNL BREAKDOWN -------------------------------------------------------+
  Order Type           GTC MAKER
  Gross Edge           +$0.4000  (40 x ($1.00 - $0.99))
  Fee                  $0.0000  (ZERO - MAKER)
  Loser Cost           -$0.2000  (40 x $0.005)
  Gas Cost             -$0.0400  (40 x $0.001)

  Net PnL              +$0.1600
  Cumulative           $2.2400
  Daily                $2.2400 / Max: $50.0
  Win Rate             8/8 = 100.0%
+------------------------------------------------------------------------+

+-  SETTLEMENT (CAPITAL RECYCLE) ----------------------------------------+
  Loser Buy            $0.005/share
  Merge                40 YES + 40 NO -> 40 pUSD
  Adapter              NegRiskCtfCollateralAdapter
  Recycle              FAILED - Complementary buy failed (paper)
  Recovered            $40.00 pUSD
  Loser Cost           $0.2000
+------------------------------------------------------------------------+

  [OK] TRADE #8 COMPLETE - MAKER (ZERO FEES)
      Net PnL: +$0.1600 | Cumulative: $2.2400
------------------------------------------------------------------------

------------------------------------------------------------------------
  TRADE #9 - CYCLE 2
------------------------------------------------------------------------

+-  MARKET --------------------------------------------------------------+
  Question             Counter-Strike: BIG vs BetBoom Team (BO3) - FISSURE PLAYGROUND Gr
  Condition            0xf56534d7f2034aa458e4c0ab88e74cb29d982db160cf368b...
  Category             other
  End Date             2026-09-08T15:30:00Z
  Neg Risk             False
+------------------------------------------------------------------------+

+-  PRICE ACTION --------------------------------------------------------+
  Winning Side         NO @ $0.9995
  Losing Side          YES @ $0.0005
  Spread               0.9990
  Certainty            1 (99.95%)
  Detection            Price hint 0.9995 >= 0.999 (secondary only)

  Best Ask             N/A
  Best Bid             N/A
  Asks                 0
  Bids                 0
  Book Depth           0 orders
  Taker Fee Rate       0.05
  Maker Fee            $0 (ZERO)
+------------------------------------------------------------------------+

+-  ORDER EXECUTION -----------------------------------------------------+
  Method               GTC POST-ONLY MAKER (zero fees)
  Entry Plan           maker bid at buy_price
  Order Type           GTC (post-only)
  Side                 BUY
  Size                 100 shares
  Price                $0.99
  Tick Size            0.01
+------------------------------------------------------------------------+

+-  FILL SIMULATION -----------------------------------------------------+
  Result               [OK] MAKER FILL (zero fees)
  Filled Shares        100
  Fill Price           $0.99
  TX Hash              paper_tx_1788867185
  On-Chain             True
  Status               FILLED
+------------------------------------------------------------------------+

+-  PNL BREAKDOWN -------------------------------------------------------+
  Order Type           GTC MAKER
  Gross Edge           +$1.0000  (100 x ($1.00 - $0.99))
  Fee                  $0.0000  (ZERO - MAKER)
  Loser Cost           -$0.5000  (100 x $0.005)
  Gas Cost             -$0.1000  (100 x $0.001)

  Net PnL              +$0.4000
  Cumulative           $2.6400
  Daily                $2.6400 / Max: $50.0
  Win Rate             9/9 = 100.0%
+------------------------------------------------------------------------+

+-  SETTLEMENT (CAPITAL RECYCLE) ----------------------------------------+
  Loser Buy            $0.005/share
  Merge                100 YES + 100 NO -> 100 pUSD
  Adapter              CtfCollateralAdapter
  Recycle              FAILED - Complementary buy failed (paper)
  Recovered            $100.00 pUSD
  Loser Cost           $0.5000
+------------------------------------------------------------------------+

  [OK] TRADE #9 COMPLETE - MAKER (ZERO FEES)
      Net PnL: +$0.4000 | Cumulative: $2.6400
------------------------------------------------------------------------

------------------------------------------------------------------------
  TRADE #10 - CYCLE 2
------------------------------------------------------------------------

+-  MARKET --------------------------------------------------------------+
  Question             Will RB Leipzig win the 2026-27 UEFA Champions League Championshi
  Condition            0x980a9758f2d181905130fbdd8de12c08b8ea89870c285a74...
  Category             sports
  End Date             2027-05-30T23:59:00Z
  Neg Risk             True
+------------------------------------------------------------------------+

+-  PRICE ACTION --------------------------------------------------------+
  Winning Side         NO @ $0.9935
  Losing Side          YES @ $0.0065
  Spread               0.9870
  Certainty            1 (99.35%)
  Detection            Price hint 0.9935 >= 0.99 (secondary only)

  Best Ask             N/A
  Best Bid             N/A
  Asks                 0
  Bids                 0
  Book Depth           0 orders
  Taker Fee Rate       0.05
  Maker Fee            $0 (ZERO)
+------------------------------------------------------------------------+

+-  ORDER EXECUTION -----------------------------------------------------+
  Method               GTC POST-ONLY MAKER (zero fees)
  Entry Plan           maker bid at buy_price
  Order Type           GTC (post-only)
  Side                 BUY
  Size                 100 shares
  Price                $0.99
  Tick Size            0.01
+------------------------------------------------------------------------+

+-  FILL SIMULATION -----------------------------------------------------+
  Result               [~] PARTIAL FILL
  Filled Shares        40 / 100
  Fill Price           $0.99
  TX Hash              paper_tx_1788867185
  Status               PARTIAL
+------------------------------------------------------------------------+

+-  PNL BREAKDOWN -------------------------------------------------------+
  Order Type           GTC MAKER
  Gross Edge           +$0.4000  (40 x ($1.00 - $0.99))
  Fee                  $0.0000  (ZERO - MAKER)
  Loser Cost           -$0.2000  (40 x $0.005)
  Gas Cost             -$0.0400  (40 x $0.001)

  Net PnL              +$0.1600
  Cumulative           $2.8000
  Daily                $2.8000 / Max: $50.0
  Win Rate             10/10 = 100.0%
+------------------------------------------------------------------------+

+-  SETTLEMENT (CAPITAL RECYCLE) ----------------------------------------+
  Loser Buy            $0.005/share
  Merge                40 YES + 40 NO -> 40 pUSD
  Adapter              NegRiskCtfCollateralAdapter
  Recycle              FAILED - Complementary buy failed (paper)
  Recovered            $40.00 pUSD
  Loser Cost           $0.2000
+------------------------------------------------------------------------+

  [OK] TRADE #10 COMPLETE - MAKER (ZERO FEES)
      Net PnL: +$0.1600 | Cumulative: $2.8000
------------------------------------------------------------------------

========================================================================
  CYCLE 2 SUMMARY
========================================================================
  Sweeps: 5 | Time: 0.10s | PnL: $2.8000 | Daily: $2.8000
  Trades: 10 | Win: 10/10 = 100.0%
  Maker: 5 (zero fees) | Taker: 0 | Rejected: 0
  Resting: 4 | Expired: 0 | Partial: 5 | Ghost: 0
    order: 30 remaining
    book: 160 remaining
    gamma: 160 remaining
    api_key: 64 remaining
    relayer: 16 remaining
  Gas: 10.0 POL | Low: False
  [RECONCILE] 0 pos, 0 phantoms
  [EXPOSURE] Pos: $0 | Resting: $297.0 | Total: $297.0 | Max: $2000.0

========================================================================
  CYCLE 3
========================================================================

[DISCOVERY] Fetching live markets from Gamma API...
[DISCOVERY] Found 100 candidate markets

[MARKET DATA] Top 5 candidates:
  1. LoL: Invictus Gaming vs LGD Gaming (BO5) - LPL Playoffs
     Vol: $2,033,338 | YES=0.9995 | NO=0.0005 | Score: 2032320.8916 | Cat: other
  2. LoL: Invictus Gaming vs LGD Gaming - Game 2 Winner
     Vol: $1,364,013 | YES=0.9995 | NO=0.0005 | Score: 1363330.5821 | Cat: other
  3. LoL: Invictus Gaming vs LGD Gaming - Game 1 Winner
     Vol: $858,421 | YES=0.9995 | NO=0.0005 | Score: 857991.9484 | Cat: other
  4. Israel closes its airspace by September 30?
     Vol: $844,539 | YES=0.9605 | NO=0.0395 | Score: 811179.9285 | Cat: other
  5. LoL: Invictus Gaming vs LGD Gaming - Game 3 Winner
     Vol: $803,659 | YES=0.9995 | NO=0.0005 | Score: 803256.8425 | Cat: other

[DETECTION] Running resolution detection...
[DETECTION] 40 sweepable markets

[PRICE ACTION] Sweepable markets:
  1. LoL: Invictus Gaming vs LGD Gaming (BO5) - LPL Playoffs
     Win: YES @ 0.9995 | Lose @ 0.0005 | Spread: 0.9990
     Certainty: 1 | Confidence: 99.95% | Reason: Price hint 0.9995 >= 0.999 (secondary only)
     Category: other | Taker Fee Rate: 0.05 | Maker Fee: $0 (ZERO)
  2. LoL: Invictus Gaming vs LGD Gaming - Game 2 Winner
     Win: YES @ 0.9995 | Lose @ 0.0005 | Spread: 0.9990
     Certainty: 1 | Confidence: 99.95% | Reason: Price hint 0.9995 >= 0.999 (secondary only)
     Category: other | Taker Fee Rate: 0.05 | Maker Fee: $0 (ZERO)
  3. Will the Fed decrease interest rates by 25 bps after the Sep
     Win: NO @ 0.9945 | Lose @ 0.0055 | Spread: 0.9890
     Certainty: 1 | Confidence: 99.45% | Reason: Price hint 0.9945 >= 0.99 (secondary only)
     Category: finance | Taker Fee Rate: 0.04 | Maker Fee: $0 (ZERO)
  4. LoL: Invictus Gaming vs LGD Gaming - Game 1 Winner
     Win: YES @ 0.9995 | Lose @ 0.0005 | Spread: 0.9990
     Certainty: 1 | Confidence: 99.95% | Reason: Price hint 0.9995 >= 0.999 (secondary only)
     Category: other | Taker Fee Rate: 0.05 | Maker Fee: $0 (ZERO)
  5. LoL: Invictus Gaming vs LGD Gaming - Game 3 Winner
     Win: YES @ 0.9995 | Lose @ 0.0005 | Spread: 0.9990
     Certainty: 1 | Confidence: 99.95% | Reason: Price hint 0.9995 >= 0.999 (secondary only)
     Category: other | Taker Fee Rate: 0.05 | Maker Fee: $0 (ZERO)
  6. Will Glenn Youngkin win the 2028 US Presidential Election?
     Win: NO @ 0.9985 | Lose @ 0.0015 | Spread: 0.9970
     Certainty: 1 | Confidence: 99.85% | Reason: Price hint 0.9985 >= 0.99 (secondary only)
     Category: politics | Taker Fee Rate: 0.04 | Maker Fee: $0 (ZERO)
  7. Will Shakhtar Donetsk win the 2026-27 UEFA Champions League 
     Win: NO @ 0.9985 | Lose @ 0.0015 | Spread: 0.9970
     Certainty: 1 | Confidence: 99.85% | Reason: Price hint 0.9985 >= 0.99 (secondary only)
     Category: sports | Taker Fee Rate: 0.05 | Maker Fee: $0 (ZERO)
  8. Will the Fed decrease interest rates by 50+ bps after the Se
     Win: NO @ 0.9985 | Lose @ 0.0015 | Spread: 0.9970
     Certainty: 1 | Confidence: 99.85% | Reason: Price hint 0.9985 >= 0.99 (secondary only)
     Category: finance | Taker Fee Rate: 0.04 | Maker Fee: $0 (ZERO)
  9. Counter-Strike: BIG vs BetBoom Team (BO3) - FISSURE PLAYGROU
     Win: NO @ 0.9995 | Lose @ 0.0005 | Spread: 0.9990
     Certainty: 1 | Confidence: 99.95% | Reason: Price hint 0.9995 >= 0.999 (secondary only)
     Category: other | Taker Fee Rate: 0.05 | Maker Fee: $0 (ZERO)
  10. Will RB Leipzig win the 2026-27 UEFA Champions League Champi
     Win: NO @ 0.9935 | Lose @ 0.0065 | Spread: 0.9870
     Certainty: 1 | Confidence: 99.35% | Reason: Price hint 0.9935 >= 0.99 (secondary only)
     Category: sports | Taker Fee Rate: 0.05 | Maker Fee: $0 (ZERO)

------------------------------------------------------------------------
  TRADE #11 - CYCLE 3
------------------------------------------------------------------------

+-  MARKET --------------------------------------------------------------+
  Question             Will the Fed increase interest rates by 50+ bps after the Septemb
  Condition            0x2e4b58fc18dbffd74d5275d89fb076943f21992763c45dca...
  Category             finance
  End Date             2026-09-16T00:00:00Z
  Neg Risk             True
+------------------------------------------------------------------------+

+-  PRICE ACTION --------------------------------------------------------+
  Winning Side         NO @ $0.9945
  Losing Side          YES @ $0.0055
  Spread               0.9890
  Certainty            1 (99.45%)
  Detection            Price hint 0.9945 >= 0.99 (secondary only)

  Best Ask             N/A
  Best Bid             N/A
  Asks                 0
  Bids                 0
  Book Depth           0 orders
  Taker Fee Rate       0.04
  Maker Fee            $0 (ZERO)
+------------------------------------------------------------------------+

+-  ORDER EXECUTION -----------------------------------------------------+
  Method               GTC POST-ONLY MAKER (zero fees)
  Entry Plan           maker bid at buy_price
  Order Type           GTC (post-only)
  Side                 BUY
  Size                 100 shares
  Price                $0.99
  Tick Size            0.01
+------------------------------------------------------------------------+

+-  FILL SIMULATION -----------------------------------------------------+
  Result               [~] PARTIAL FILL
  Filled Shares        40 / 100
  Fill Price           $0.99
  TX Hash              paper_tx_1788867185
  Status               PARTIAL
+------------------------------------------------------------------------+

+-  PNL BREAKDOWN -------------------------------------------------------+
  Order Type           GTC MAKER
  Gross Edge           +$0.4000  (40 x ($1.00 - $0.99))
  Fee                  $0.0000  (ZERO - MAKER)
  Loser Cost           -$0.2000  (40 x $0.005)
  Gas Cost             -$0.0400  (40 x $0.001)

  Net PnL              +$0.1600
  Cumulative           $2.9600
  Daily                $2.9600 / Max: $50.0
  Win Rate             11/11 = 100.0%
+------------------------------------------------------------------------+

+-  SETTLEMENT (CAPITAL RECYCLE) ----------------------------------------+
  Loser Buy            $0.005/share
  Merge                40 YES + 40 NO -> 40 pUSD
  Adapter              NegRiskCtfCollateralAdapter
  Recycle              FAILED - Complementary buy failed (paper)
  Recovered            $40.00 pUSD
  Loser Cost           $0.2000
+------------------------------------------------------------------------+

  [OK] TRADE #11 COMPLETE - MAKER (ZERO FEES)
      Net PnL: +$0.1600 | Cumulative: $2.9600
------------------------------------------------------------------------

------------------------------------------------------------------------
  TRADE #12 - CYCLE 3
------------------------------------------------------------------------

+-  MARKET --------------------------------------------------------------+
  Question             Will Eric Trump win the 2028 Republican presidential nomination?
  Condition            0xca68152902c3581ab42feb04921b8b1cd3c4e80d06f255ae...
  Category             politics
  End Date             2028-11-07T00:00:00Z
  Neg Risk             True
+------------------------------------------------------------------------+

+-  PRICE ACTION --------------------------------------------------------+
  Winning Side         NO @ $0.9985
  Losing Side          YES @ $0.0015
  Spread               0.9970
  Certainty            1 (99.85%)
  Detection            Price hint 0.9985 >= 0.99 (secondary only)

  Best Ask             N/A
  Best Bid             N/A
  Asks                 0
  Bids                 0
  Book Depth           0 orders
  Taker Fee Rate       0.04
  Maker Fee            $0 (ZERO)
+------------------------------------------------------------------------+

+-  ORDER EXECUTION -----------------------------------------------------+
  Method               GTC POST-ONLY MAKER (zero fees)
  Entry Plan           maker bid at buy_price
  Order Type           GTC (post-only)
  Side                 BUY
  Size                 100 shares
  Price                $0.99
  Tick Size            0.01
+------------------------------------------------------------------------+

+-  FILL SIMULATION -----------------------------------------------------+
  Result               [OK] MAKER FILL (zero fees)
  Filled Shares        100
  Fill Price           $0.99
  TX Hash              paper_tx_1788867185
  On-Chain             True
  Status               FILLED
+------------------------------------------------------------------------+

+-  PNL BREAKDOWN -------------------------------------------------------+
  Order Type           GTC MAKER
  Gross Edge           +$1.0000  (100 x ($1.00 - $0.99))
  Fee                  $0.0000  (ZERO - MAKER)
  Loser Cost           -$0.5000  (100 x $0.005)
  Gas Cost             -$0.1000  (100 x $0.001)

  Net PnL              +$0.4000
  Cumulative           $3.3600
  Daily                $3.3600 / Max: $50.0
  Win Rate             12/12 = 100.0%
+------------------------------------------------------------------------+

+-  SETTLEMENT (CAPITAL RECYCLE) ----------------------------------------+
  Loser Buy            $0.005/share
  Merge                100 YES + 100 NO -> 100 pUSD
  Adapter              NegRiskCtfCollateralAdapter
  Recycle              FAILED - Complementary buy failed (paper)
  Recovered            $100.00 pUSD
  Loser Cost           $0.5000
+------------------------------------------------------------------------+

  [OK] TRADE #12 COMPLETE - MAKER (ZERO FEES)
      Net PnL: +$0.4000 | Cumulative: $3.3600
------------------------------------------------------------------------

------------------------------------------------------------------------
  TRADE #13 - CYCLE 3
------------------------------------------------------------------------

+-  MARKET --------------------------------------------------------------+
  Question             Will Lille win the 2026-27 UEFA Champions League Championship?
  Condition            0xd5cc0d96b4b9208f8e85c29b4721404c8ca380223b49f406...
  Category             sports
  End Date             2027-05-30T23:59:00Z
  Neg Risk             True
+------------------------------------------------------------------------+

+-  PRICE ACTION --------------------------------------------------------+
  Winning Side         NO @ $0.9965
  Losing Side          YES @ $0.0035
  Spread               0.9930
  Certainty            1 (99.65%)
  Detection            Price hint 0.9965 >= 0.99 (secondary only)

  Best Ask             N/A
  Best Bid             N/A
  Asks                 0
  Bids                 0
  Book Depth           0 orders
  Taker Fee Rate       0.05
  Maker Fee            $0 (ZERO)
+------------------------------------------------------------------------+

+-  ORDER EXECUTION -----------------------------------------------------+
  Method               GTC POST-ONLY MAKER (zero fees)
  Entry Plan           maker bid at buy_price
  Order Type           GTC (post-only)
  Side                 BUY
  Size                 100 shares
  Price                $0.99
  Tick Size            0.01
+------------------------------------------------------------------------+

+-  FILL SIMULATION -----------------------------------------------------+
  Result               [OK] MAKER FILL (zero fees)
  Filled Shares        100
  Fill Price           $0.99
  TX Hash              paper_tx_1788867185
  On-Chain             True
  Status               FILLED
+------------------------------------------------------------------------+

+-  PNL BREAKDOWN -------------------------------------------------------+
  Order Type           GTC MAKER
  Gross Edge           +$1.0000  (100 x ($1.00 - $0.99))
  Fee                  $0.0000  (ZERO - MAKER)
  Loser Cost           -$0.5000  (100 x $0.005)
  Gas Cost             -$0.1000  (100 x $0.001)

  Net PnL              +$0.4000
  Cumulative           $3.7600
  Daily                $3.7600 / Max: $50.0
  Win Rate             13/13 = 100.0%
+------------------------------------------------------------------------+

+-  SETTLEMENT (CAPITAL RECYCLE) ----------------------------------------+
  Loser Buy            $0.005/share
  Merge                100 YES + 100 NO -> 100 pUSD
  Adapter              NegRiskCtfCollateralAdapter
  Recycle              FAILED - Complementary buy failed (paper)
  Recovered            $100.00 pUSD
  Loser Cost           $0.5000
+------------------------------------------------------------------------+

  [OK] TRADE #13 COMPLETE - MAKER (ZERO FEES)
      Net PnL: +$0.4000 | Cumulative: $3.7600
------------------------------------------------------------------------

------------------------------------------------------------------------
  TRADE #14 - CYCLE 3
------------------------------------------------------------------------

+-  MARKET --------------------------------------------------------------+
  Question             LoL: Dplus KIA Challengers vs Nongshim Esports Academy - Game 2 W
  Condition            0x71f71b94401af97c7cecd9901bea2b662695c7e5c14c636b...
  Category             other
  End Date             2026-09-08T15:30:00Z
  Neg Risk             False
+------------------------------------------------------------------------+

+-  PRICE ACTION --------------------------------------------------------+
  Winning Side         NO @ $0.9995
  Losing Side          YES @ $0.0005
  Spread               0.9990
  Certainty            1 (99.95%)
  Detection            Price hint 0.9995 >= 0.999 (secondary only)

  Best Ask             N/A
  Best Bid             N/A
  Asks                 0
  Bids                 0
  Book Depth           0 orders
  Taker Fee Rate       0.05
  Maker Fee            $0 (ZERO)
+------------------------------------------------------------------------+

+-  ORDER EXECUTION -----------------------------------------------------+
  Method               GTC POST-ONLY MAKER (zero fees)
  Entry Plan           maker bid at buy_price
  Order Type           GTC (post-only)
  Side                 BUY
  Size                 100 shares
  Price                $0.99
  Tick Size            0.01
+------------------------------------------------------------------------+

+-  FILL SIMULATION -----------------------------------------------------+
  Result               [X] EXPIRED
  Status               EXPIRED
+------------------------------------------------------------------------+

  [X] TRADE #14 EXPIRED - No fill
------------------------------------------------------------------------

------------------------------------------------------------------------
  TRADE #15 - CYCLE 3
------------------------------------------------------------------------

+-  MARKET --------------------------------------------------------------+
  Question             Counter-Strike: BIG vs BetBoom Team - Map 2 Winner
  Condition            0x35d3d8ca303ad74da4481192c4070cbc51407cf65eccf07a...
  Category             other
  End Date             2026-09-08T15:30:00Z
  Neg Risk             False
+------------------------------------------------------------------------+

+-  PRICE ACTION --------------------------------------------------------+
  Winning Side         NO @ $0.9995
  Losing Side          YES @ $0.0005
  Spread               0.9990
  Certainty            1 (99.95%)
  Detection            Price hint 0.9995 >= 0.999 (secondary only)

  Best Ask             N/A
  Best Bid             N/A
  Asks                 0
  Bids                 0
  Book Depth           0 orders
  Taker Fee Rate       0.05
  Maker Fee            $0 (ZERO)
+------------------------------------------------------------------------+

+-  ORDER EXECUTION -----------------------------------------------------+
  Method               GTC POST-ONLY MAKER (zero fees)
  Entry Plan           maker bid at buy_price
  Order Type           GTC (post-only)
  Side                 BUY
  Size                 100 shares
  Price                $0.99
  Tick Size            0.01
+------------------------------------------------------------------------+

+-  FILL SIMULATION -----------------------------------------------------+
  Result               [X] EXPIRED
  Status               EXPIRED
+------------------------------------------------------------------------+

  [X] TRADE #15 EXPIRED - No fill
------------------------------------------------------------------------

========================================================================
  CYCLE 3 SUMMARY
========================================================================
  Sweeps: 5 | Time: 0.06s | PnL: $3.7600 | Daily: $3.7600
  Trades: 15 | Win: 13/15 = 86.7%
  Maker: 7 (zero fees) | Taker: 0 | Rejected: 0
  Resting: 6 | Expired: 2 | Partial: 6 | Ghost: 0
    order: 25 remaining
    book: 160 remaining
    gamma: 160 remaining
    api_key: 64 remaining
    relayer: 16 remaining
  Gas: 10.0 POL | Low: False
  [RECONCILE] 0 pos, 0 phantoms
  [EXPOSURE] Pos: $0 | Resting: $356.4 | Total: $356.4 | Max: $2000.0

========================================================================
  FINAL SUMMARY
========================================================================
  Cycles: 3 | Trades: 15 | Wins: 13
  Win rate: 86.7%
  NOTE: Win rate is simulated via random probabilities, not historically replayed.
  Maker fills: 7 (zero fees) | Taker fills: 0
  Rejected: 0 | Resting: 6 | Expired: 2 | Partial: 6 | Ghost: 0
  Cumulative PnL: $3.7600 | Daily PnL: $3.7600
  True PnL (scoreboard): $3.7600
  Total recycled: $940.00 pUSD | Recycles: 13
  Kill switch: False | 429s: 0/3
    order: 25 remaining
    book: 160 remaining
    gamma: 160 remaining
    api_key: 64 remaining
    relayer: 16 remaining
  Gas: 10.0 POL | Worked markets: 15
  Main Log: /buildkite/builds/0quqpebm6876o-1/vetrivelkick/sweeper-bot-fixes/repo/logs/paper_main_20260908_113305.log
  Trade Log: /buildkite/builds/0quqpebm6876o-1/vetrivelkick/sweeper-bot-fixes/repo/logs/paper_trades_20260908_113305.log
  Trade JSON: /buildkite/builds/0quqpebm6876o-1/vetrivelkick/sweeper-bot-fixes/repo/logs/paper_trades_20260908_113305.json
  Summary JSON: /buildkite/builds/0quqpebm6876o-1/vetrivelkick/sweeper-bot-fixes/repo/logs/paper_summary_20260908_113305.json
  Metrics JSON: /buildkite/builds/0quqpebm6876o-1/vetrivelkick/sweeper-bot-fixes/repo/logs/metrics_20260908_113305.json
========================================================================
============================================================
  DOUBLE-ENTRY LEDGER SUMMARY
============================================================
  Total Entries:    117
  Unique Trades:   13
  Total Debits:     $1876.2400
  Total Credits:    $1876.2400
  Balanced:         True (diff: $0.000000)

  USDC Balance:     $3.7600
  Position Cost:    $0.0000
  Fees Paid:        $0.0000
  Gas Paid:         $0.9400
  Gross Income:     $4.7000
  Net PnL:         $3.7600  (Income - Gas - Fees)
  Total Recycled:   $940.0000  (13 recycles)
============================================================
============================================================
  METRICS SUMMARY
============================================================
  trades_total              15
  trades_won                13
  trades_rejected           0
  maker_fills               7
  taker_fills               0
  ghost_fills               0
  expired_orders            2
  partial_fills             6
  kill_switch_trips         0
  exposure_breaches         0
  rate_limit_429s           0
  rate_limit_425s           0
  recycle_count             13
  rejections_post_only      0
  rejections_cancel_only    0
  rpc_errors                0
  ws_reconnects             0
  fill_matched_offchain     0
  fill_trade_pending        0
  fill_confirmed            0
  block_confirmations       0
  per_market_exposure_breaches 0
  health_checks             3

  pnl_cumulative            3.76
  pnl_daily                 3.76
  gas_balance_pol           10.0
  resting_orders            6
  reserved_collateral       356.4
  total_exposure            356.4
  total_recycled            940.0
  consecutive_losses        0
  ghost_fill_rate           0.0
  win_rate                  86.67
  uptime_seconds            0.28689146041870117
  per_market_exposure       0.0
  health_status             0
  ws_connected              0.0
  ws_reconnect_count        0.0
  block_confirmation_depth  0.0

  Alerts: 0
============================================================
========================================================================
  PAPER TRADING COMPLETE
========================================================================
  Exported 15 trade records to JSON
  Exported 15 trade records to CSV
  Avg PnL/Trade: $0.2507 | Max Drawdown: $0.0000
  Max Win Streak: 13 | Max Loss Streak: 0
